<html>
<body>
<pre>
<h1>µVision Build Log</h1>
<h2>Tool Versions:</h2>
IDE-Version: ¦ÌVision V5.24.2.0
Copyright (C) 2017 ARM Ltd and ARM Germany GmbH. All rights reserved.
License Information: retg AutoBVT, Microsoft, LIC=GE756-DVK34-BW42G-V1PM8-1IVFW-VG528
 
Tool Versions:
Toolchain:       MDK-ARM Professional  Version: 5.24.1
Toolchain Path:  C:\Keil_v5\ARM\ARMCC\Bin
C Compiler:      Armcc.exe V5.06 update 5 (build 528)
Assembler:       Armasm.exe V5.06 update 5 (build 528)
Linker/Locator:  ArmLink.exe V5.06 update 5 (build 528)
Library Manager: ArmAr.exe V5.06 update 5 (build 528)
Hex Converter:   FromElf.exe V5.06 update 5 (build 528)
CPU DLL:         SARMCM3.DLL V5.24.1
Dialog DLL:      DCM.DLL V1.16.0.0
Target DLL:      STLink\ST-LINKIII-KEIL_SWO.dll V3.0.1.0
Dialog DLL:      TCM.DLL V1.32.0.0
 
<h2>Project:</h2>
D:\programOfstm32\PCF8951AD_DA×ª»»\USER\AD_DA.uvprojx
Project File Date:  07/06/2019

<h2>Output:</h2>
*** Using Compiler 'V5.06 update 5 (build 528)', folder: 'C:\Keil_v5\ARM\ARMCC\Bin'
Rebuild target 'AD_DA'
assembling startup_stm32f10x_hd.s...
compiling core_cm3.c...
compiling main.c...
..\HAREWARE\PCF8591\PCF8591.h(16): warning:  #14-D: extra text after expected end of preprocessing directive
  #endif __PCF8591_H
main.c(14): warning:  #177-D: variable "ad_temp"  was declared but never referenced
  	u8 ad_temp=0,ad_result1,ad_result2,ad_result3,ad_result4;
main.c(14): warning:  #177-D: variable "ad_result1"  was declared but never referenced
  	u8 ad_temp=0,ad_result1,ad_result2,ad_result3,ad_result4;
main.c(14): warning:  #177-D: variable "ad_result2"  was declared but never referenced
  	u8 ad_temp=0,ad_result1,ad_result2,ad_result3,ad_result4;
main.c(14): warning:  #177-D: variable "ad_result3"  was declared but never referenced
  	u8 ad_temp=0,ad_result1,ad_result2,ad_result3,ad_result4;
main.c(14): warning:  #177-D: variable "ad_result4"  was declared but never referenced
  	u8 ad_temp=0,ad_result1,ad_result2,ad_result3,ad_result4;
main.c(15): warning:  #177-D: variable "ad_result"  was declared but never referenced
  	u16 ad_result=0;
main.c: 7 warnings, 0 errors
compiling stm32f10x_it.c...
compiling system_stm32f10x.c...
compiling misc.c...
compiling stm32f10x_gpio.c...
compiling stm32f10x_rcc.c...
compiling stm32f10x_i2c.c...
compiling stm32f10x_usart.c...
compiling stm32f10x_fsmc.c...
compiling delay.c...
compiling usart.c...
compiling key.c...
compiling sys.c...
compiling led.c...
compiling lcd.c...
compiling myiic.c...
compiling pcf8591.c...
..\HAREWARE\PCF8591\pcf8591.h(16): warning:  #14-D: extra text after expected end of preprocessing directive
  #endif __PCF8591_H
..\HAREWARE\PCF8591\pcf8591.c: 1 warning, 0 errors
linking...
Program Size: Code=2500 RO-data=336 RW-data=32 ZI-data=1832  
".\Objects\AD_DA.axf" - 0 Error(s), 8 Warning(s).

<h2>Software Packages used:</h2>

Package Vendor: Keil
                http://www.keil.com/pack/Keil.STM32F1xx_DFP.2.3.0.pack
                Keil.STM32F1xx_DFP.2.3.0
                STMicroelectronics STM32F1 Series Device Support, Drivers and Examples

<h2>Collection of Component include folders:</h2>
  .\RTE\_AD_DA
  C:\Keil_v5\ARM\PACK\Keil\STM32F1xx_DFP\2.3.0\Device\Include

<h2>Collection of Component Files used:</h2>
Build Time Elapsed:  00:00:05
</pre>
</body>
</html>
