Component: ARM Compiler 5.06 update 5 (build 528) Tool: armlink [4d35e2]

==============================================================================

Section Cross References

    startup_stm32f10x_hd.o(STACK) refers (Special) to heapauxi.o(.text) for __use_two_region_memory
    startup_stm32f10x_hd.o(HEAP) refers (Special) to heapauxi.o(.text) for __use_two_region_memory
    startup_stm32f10x_hd.o(RESET) refers (Special) to heapauxi.o(.text) for __use_two_region_memory
    startup_stm32f10x_hd.o(RESET) refers to startup_stm32f10x_hd.o(STACK) for __initial_sp
    startup_stm32f10x_hd.o(RESET) refers to startup_stm32f10x_hd.o(.text) for Reset_Handler
    startup_stm32f10x_hd.o(RESET) refers to stm32f10x_it.o(i.NMI_Handler) for NMI_Handler
    startup_stm32f10x_hd.o(RESET) refers to stm32f10x_it.o(i.HardFault_Handler) for HardFault_Handler
    startup_stm32f10x_hd.o(RESET) refers to stm32f10x_it.o(i.MemManage_Handler) for MemManage_Handler
    startup_stm32f10x_hd.o(RESET) refers to stm32f10x_it.o(i.BusFault_Handler) for BusFault_Handler
    startup_stm32f10x_hd.o(RESET) refers to stm32f10x_it.o(i.UsageFault_Handler) for UsageFault_Handler
    startup_stm32f10x_hd.o(RESET) refers to stm32f10x_it.o(i.SVC_Handler) for SVC_Handler
    startup_stm32f10x_hd.o(RESET) refers to stm32f10x_it.o(i.DebugMon_Handler) for DebugMon_Handler
    startup_stm32f10x_hd.o(RESET) refers to stm32f10x_it.o(i.PendSV_Handler) for PendSV_Handler
    startup_stm32f10x_hd.o(RESET) refers to stm32f10x_it.o(i.SysTick_Handler) for SysTick_Handler
    startup_stm32f10x_hd.o(RESET) refers to adc.o(i.ADC1_2_IRQHandler) for ADC1_2_IRQHandler
    startup_stm32f10x_hd.o(RESET) refers to usart.o(i.USART1_IRQHandler) for USART1_IRQHandler
    startup_stm32f10x_hd.o(.text) refers (Special) to heapauxi.o(.text) for __use_two_region_memory
    startup_stm32f10x_hd.o(.text) refers to system_stm32f10x.o(i.SystemInit) for SystemInit
    startup_stm32f10x_hd.o(.text) refers to __main.o(!!!main) for __main
    startup_stm32f10x_hd.o(.text) refers to startup_stm32f10x_hd.o(HEAP) for Heap_Mem
    startup_stm32f10x_hd.o(.text) refers to startup_stm32f10x_hd.o(STACK) for Stack_Mem
    main.o(i.Rain_Do_GPIO_Init) refers to stm32f10x_gpio.o(i.GPIO_Init) for GPIO_Init
    main.o(i.main) refers to _printf_percent.o(.ARM.Collect$$_printf_percent$$00000000) for _printf_percent
    main.o(i.main) refers to _printf_d.o(.ARM.Collect$$_printf_percent$$00000009) for _printf_d
    main.o(i.main) refers to _printf_dec.o(.text) for _printf_int_dec
    main.o(i.main) refers to _printf_pad.o(.text) for _printf_pre_padding
    main.o(i.main) refers to _printf_f.o(.ARM.Collect$$_printf_percent$$00000003) for _printf_f
    main.o(i.main) refers to printf1.o(x$fpl$printf1) for _printf_fp_dec
    main.o(i.main) refers to delay.o(i.delay_init) for delay_init
    main.o(i.main) refers to misc.o(i.NVIC_PriorityGroupConfig) for NVIC_PriorityGroupConfig
    main.o(i.main) refers to usart.o(i.uart_init) for uart_init
    main.o(i.main) refers to led.o(i.LED_Init) for LED_Init
    main.o(i.main) refers to lcd_1.o(i.LCD_Init) for LCD_Init
    main.o(i.main) refers to adc.o(i.Adc_Init) for Adc_Init
    main.o(i.main) refers to beep.o(i.BEEP_Init) for BEEP_Init
    main.o(i.main) refers to lcd_1.o(i.LCD_ShowString) for LCD_ShowString
    main.o(i.main) refers to lcd_1.o(i.LCD_ShowxNum) for LCD_ShowxNum
    main.o(i.main) refers to noretval__2printf.o(.text) for __2printf
    main.o(i.main) refers to dflt_clz.o(x$fpl$dfltu) for __aeabi_ui2d
    main.o(i.main) refers to dmul.o(x$fpl$dmul) for __aeabi_dmul
    main.o(i.main) refers to daddsub_clz.o(x$fpl$dsub) for __aeabi_dsub
    main.o(i.main) refers to ddiv.o(x$fpl$ddiv) for __aeabi_ddiv
    main.o(i.main) refers to log.o(i.log) for log
    main.o(i.main) refers to daddsub_clz.o(x$fpl$dadd) for __aeabi_dadd
    main.o(i.main) refers to delay.o(i.delay_ms) for delay_ms
    main.o(i.main) refers to lcd_1.o(.data) for POINT_COLOR
    main.o(i.main) refers to adc.o(.data) for ADCConvertedValue
    system_stm32f10x.o(i.SetSysClock) refers to system_stm32f10x.o(i.SetSysClockTo72) for SetSysClockTo72
    system_stm32f10x.o(i.SystemCoreClockUpdate) refers to system_stm32f10x.o(.data) for SystemCoreClock
    system_stm32f10x.o(i.SystemInit) refers to system_stm32f10x.o(i.SetSysClock) for SetSysClock
    stm32f10x_adc.o(i.ADC_DeInit) refers to stm32f10x_rcc.o(i.RCC_APB2PeriphResetCmd) for RCC_APB2PeriphResetCmd
    stm32f10x_gpio.o(i.GPIO_AFIODeInit) refers to stm32f10x_rcc.o(i.RCC_APB2PeriphResetCmd) for RCC_APB2PeriphResetCmd
    stm32f10x_gpio.o(i.GPIO_DeInit) refers to stm32f10x_rcc.o(i.RCC_APB2PeriphResetCmd) for RCC_APB2PeriphResetCmd
    stm32f10x_rcc.o(i.RCC_GetClocksFreq) refers to stm32f10x_rcc.o(.data) for APBAHBPrescTable
    stm32f10x_rcc.o(i.RCC_WaitForHSEStartUp) refers to stm32f10x_rcc.o(i.RCC_GetFlagStatus) for RCC_GetFlagStatus
[...]
    ../clib/signal.c                         0x00000000   Number         0  defsig_abrt_inner.o ABSOLUTE
    ../clib/signal.c                         0x00000000   Number         0  defsig_rtmem_formal.o ABSOLUTE
    ../clib/signal.c                         0x00000000   Number         0  defsig_general.o ABSOLUTE
    ../clib/signal.c                         0x00000000   Number         0  __raise.o ABSOLUTE
    ../clib/signal.c                         0x00000000   Number         0  defsig_rtmem_inner.o ABSOLUTE
    ../clib/signal.s                         0x00000000   Number         0  defsig.o ABSOLUTE
    ../clib/stdio.c                          0x00000000   Number         0  ferror.o ABSOLUTE
    ../clib/stdio.c                          0x00000000   Number         0  ferror_locked.o ABSOLUTE
    ../clib/stdlib.c                         0x00000000   Number         0  exit.o ABSOLUTE
    ../fplib/daddsub.s                       0x00000000   Number         0  daddsub_clz.o ABSOLUTE
    ../fplib/dcheck1.s                       0x00000000   Number         0  dcheck1.o ABSOLUTE
    ../fplib/dcmpi.s                         0x00000000   Number         0  dcmpi.o ABSOLUTE
    ../fplib/ddiv.s                          0x00000000   Number         0  ddiv.o ABSOLUTE
    ../fplib/deqf.s                          0x00000000   Number         0  deqf.o ABSOLUTE
    ../fplib/dfixu.s                         0x00000000   Number         0  dfixu.o ABSOLUTE
    ../fplib/dflt.s                          0x00000000   Number         0  dflt_clz.o ABSOLUTE
    ../fplib/dmul.s                          0x00000000   Number         0  dmul.o ABSOLUTE
    ../fplib/dnaninf.s                       0x00000000   Number         0  dnaninf.o ABSOLUTE
    ../fplib/dretinf.s                       0x00000000   Number         0  dretinf.o ABSOLUTE
    ../fplib/fpinit.s                        0x00000000   Number         0  fpinit.o ABSOLUTE
    ../fplib/istatus.s                       0x00000000   Number         0  istatus.o ABSOLUTE
    ../fplib/printf1.s                       0x00000000   Number         0  printf1.o ABSOLUTE
    ../fplib/retnan.s                        0x00000000   Number         0  retnan.o ABSOLUTE
    ../fplib/scalbn.s                        0x00000000   Number         0  scalbn.o ABSOLUTE
    ../fplib/trapv.s                         0x00000000   Number         0  trapv.o ABSOLUTE
    ../fplib/usenofp.s                       0x00000000   Number         0  usenofp.o ABSOLUTE
    ../mathlib/dunder.c                      0x00000000   Number         0  dunder.o ABSOLUTE
    ../mathlib/fpclassify.c                  0x00000000   Number         0  fpclassify.o ABSOLUTE
    ../mathlib/log.c                         0x00000000   Number         0  log.o ABSOLUTE
    ../mathlib/log.c                         0x00000000   Number         0  log_x.o ABSOLUTE
    ../mathlib/poly.c                        0x00000000   Number         0  poly.o ABSOLUTE
    ../mathlib/qnan.c                        0x00000000   Number         0  qnan.o ABSOLUTE
    ..\CORE\core_cm3.c                       0x00000000   Number         0  core_cm3.o ABSOLUTE
    ..\CORE\startup_stm32f10x_hd.s           0x00000000   Number         0  startup_stm32f10x_hd.o ABSOLUTE
    ..\FWLIB\src\misc.c                      0x00000000   Number         0  misc.o ABSOLUTE
    ..\FWLIB\src\stm32f10x_adc.c             0x00000000   Number         0  stm32f10x_adc.o ABSOLUTE
    ..\FWLIB\src\stm32f10x_dma.c             0x00000000   Number         0  stm32f10x_dma.o ABSOLUTE
    ..\FWLIB\src\stm32f10x_fsmc.c            0x00000000   Number         0  stm32f10x_fsmc.o ABSOLUTE
    ..\FWLIB\src\stm32f10x_gpio.c            0x00000000   Number         0  stm32f10x_gpio.o ABSOLUTE
    ..\FWLIB\src\stm32f10x_rcc.c             0x00000000   Number         0  stm32f10x_rcc.o ABSOLUTE
    ..\FWLIB\src\stm32f10x_tim.c             0x00000000   Number         0  stm32f10x_tim.o ABSOLUTE
    ..\FWLIB\src\stm32f10x_usart.c           0x00000000   Number         0  stm32f10x_usart.o ABSOLUTE
    ..\HARDWARE\ADC\adc.c                    0x00000000   Number         0  adc.o ABSOLUTE
    ..\HARDWARE\BEEP\beep.c                  0x00000000   Number         0  beep.o ABSOLUTE
    ..\HARDWARE\DMA\dma.c                    0x00000000   Number         0  dma_1.o ABSOLUTE
    ..\HARDWARE\KEY\key.c                    0x00000000   Number         0  key.o ABSOLUTE
    ..\HARDWARE\LCD\lcd.c                    0x00000000   Number         0  lcd_1.o ABSOLUTE
    ..\HARDWARE\LED\led.c                    0x00000000   Number         0  led.o ABSOLUTE
    ..\SYSTEM\delay\delay.c                  0x00000000   Number         0  delay.o ABSOLUTE
    ..\SYSTEM\sys\sys.c                      0x00000000   Number         0  sys.o ABSOLUTE
    ..\SYSTEM\usart\usart.c                  0x00000000   Number         0  usart.o ABSOLUTE
    ..\\CORE\\core_cm3.c                     0x00000000   Number         0  core_cm3.o ABSOLUTE
    ..\\SYSTEM\\sys\\sys.c                   0x00000000   Number         0  sys.o ABSOLUTE
    dc.s                                     0x00000000   Number         0  dc.o ABSOLUTE
    main.c                                   0x00000000   Number         0  main.o ABSOLUTE
    stm32f10x_it.c                           0x00000000   Number         0  stm32f10x_it.o ABSOLUTE
    system_stm32f10x.c                       0x00000000   Number         0  system_stm32f10x.o ABSOLUTE
    RESET                                    0x08000000   Section      304  startup_stm32f10x_hd.o(RESET)
    !!!main                                  0x08000130   Section        8  __main.o(!!!main)
    !!!scatter                               0x08000138   Section       52  __scatter.o(!!!scatter)
    !!handler_copy                           0x0800016c   Section       26  __scatter_copy.o(!!handler_copy)
    !!handler_zi                             0x08000188   Section       28  __scatter_zi.o(!!handler_zi)
    .ARM.Collect$$_printf_percent$$00000000  0x080001a4   Section        0  _printf_percent.o(.ARM.Collect$$_printf_percent$$00000000)
    .ARM.Collect$$_printf_percent$$00000003  0x080001a4   Section        6  _printf_f.o(.ARM.Collect$$_printf_percent$$00000003)
    .ARM.Collect$$_printf_percent$$00000009  0x080001aa   Section        6  _printf_d.o(.ARM.Collect$$_printf_percent$$00000009)
    .ARM.Collect$$_printf_percent$$0000000C  0x080001b0   Section        6  _printf_x.o(.ARM.Collect$$_printf_percent$$0000000C)
    .ARM.Collect$$_printf_percent$$00000017  0x080001b6   Section        4  _printf_percent_end.o(.ARM.Collect$$_printf_percent$$00000017)
    .ARM.Collect$$libinit$$00000000          0x080001ba   Section        2  libinit.o(.ARM.Collect$$libinit$$00000000)
    .ARM.Collect$$libinit$$00000002          0x080001bc   Section        0  libinit2.o(.ARM.Collect$$libinit$$00000002)
    .ARM.Collect$$libinit$$00000004          0x080001bc   Section        0  libinit2.o(.ARM.Collect$$libinit$$00000004)
    .ARM.Collect$$libinit$$0000000A          0x080001bc   Section        0  libinit2.o(.ARM.Collect$$libinit$$0000000A)
    .ARM.Collect$$libinit$$0000000C          0x080001bc   Section        0  libinit2.o(.ARM.Collect$$libinit$$0000000C)
    .ARM.Collect$$libinit$$0000000E          0x080001bc   Section        0  libinit2.o(.ARM.Collect$$libinit$$0000000E)
    .ARM.Collect$$libinit$$0000000F          0x080001bc   Section        6  libinit2.o(.ARM.Collect$$libinit$$0000000F)
    .ARM.Collect$$libinit$$00000011          0x080001c2   Section        0  libinit2.o(.ARM.Collect$$libinit$$00000011)
    .ARM.Collect$$libinit$$00000013          0x080001c2   Section        0  libinit2.o(.ARM.Collect$$libinit$$00000013)
    .ARM.Collect$$libinit$$00000015          0x080001c2   Section        0  libinit2.o(.ARM.Collect$$libinit$$00000015)
    .ARM.Collect$$libinit$$00000016          0x080001c2   Section       10  libinit2.o(.ARM.Collect$$libinit$$00000016)
    .ARM.Collect$$libinit$$00000017          0x080001cc   Section        0  libinit2.o(.ARM.Collect$$libinit$$00000017)
    .ARM.Collect$$libinit$$00000019          0x080001cc   Section        0  libinit2.o(.ARM.Collect$$libinit$$00000019)
    .ARM.Collect$$libinit$$0000001B          0x080001cc   Section        0  libinit2.o(.ARM.Collect$$libinit$$0000001B)
    .ARM.Collect$$libinit$$0000001D          0x080001cc   Section        0  libinit2.o(.ARM.Collect$$libinit$$0000001D)
    .ARM.Collect$$libinit$$0000001F          0x080001cc   Section        0  libinit2.o(.ARM.Collect$$libinit$$0000001F)
    .ARM.Collect$$libinit$$00000021          0x080001cc   Section        0  libinit2.o(.ARM.Collect$$libinit$$00000021)
    .ARM.Collect$$libinit$$00000023          0x080001cc   Section        0  libinit2.o(.ARM.Collect$$libinit$$00000023)
    .ARM.Collect$$libinit$$00000025          0x080001cc   Section        0  libinit2.o(.ARM.Collect$$libinit$$00000025)
    .ARM.Collect$$libinit$$0000002C          0x080001cc   Section        0  libinit2.o(.ARM.Collect$$libinit$$0000002C)
    .ARM.Collect$$libinit$$0000002E          0x080001cc   Section        0  libinit2.o(.ARM.Collect$$libinit$$0000002E)
    .ARM.Collect$$libinit$$00000030          0x080001cc   Section        0  libinit2.o(.ARM.Collect$$libinit$$00000030)
    .ARM.Collect$$libinit$$00000032          0x080001cc   Section        0  libinit2.o(.ARM.Collect$$libinit$$00000032)
    .ARM.Collect$$libinit$$00000033          0x080001cc   Section        2  libinit2.o(.ARM.Collect$$libinit$$00000033)
    .ARM.Collect$$libshutdown$$00000000      0x080001ce   Section        2  libshutdown.o(.ARM.Collect$$libshutdown$$00000000)
    .ARM.Collect$$libshutdown$$00000002      0x080001d0   Section        0  libshutdown2.o(.ARM.Collect$$libshutdown$$00000002)
    .ARM.Collect$$libshutdown$$00000004      0x080001d0   Section        0  libshutdown2.o(.ARM.Collect$$libshutdown$$00000004)
    .ARM.Collect$$libshutdown$$00000007      0x080001d0   Section        0  libshutdown2.o(.ARM.Collect$$libshutdown$$00000007)
    .ARM.Collect$$libshutdown$$0000000A      0x080001d0   Section        0  libshutdown2.o(.ARM.Collect$$libshutdown$$0000000A)
    .ARM.Collect$$libshutdown$$0000000C      0x080001d0   Section        0  libshutdown2.o(.ARM.Collect$$libshutdown$$0000000C)
    .ARM.Collect$$libshutdown$$0000000F      0x080001d0   Section        0  libshutdown2.o(.ARM.Collect$$libshutdown$$0000000F)
    .ARM.Collect$$libshutdown$$00000010      0x080001d0   Section        2  libshutdown2.o(.ARM.Collect$$libshutdown$$00000010)
    .ARM.Collect$$rtentry$$00000000          0x080001d2   Section        0  __rtentry.o(.ARM.Collect$$rtentry$$00000000)
    .ARM.Collect$$rtentry$$00000002          0x080001d2   Section        0  __rtentry2.o(.ARM.Collect$$rtentry$$00000002)
    .ARM.Collect$$rtentry$$00000004          0x080001d2   Section        6  __rtentry4.o(.ARM.Collect$$rtentry$$00000004)
    .ARM.Collect$$rtentry$$00000009          0x080001d8   Section        0  __rtentry2.o(.ARM.Collect$$rtentry$$00000009)
    .ARM.Collect$$rtentry$$0000000A          0x080001d8   Section        4  __rtentry2.o(.ARM.Collect$$rtentry$$0000000A)
    .ARM.Collect$$rtentry$$0000000C          0x080001dc   Section        0  __rtentry2.o(.ARM.Collect$$rtentry$$0000000C)
    .ARM.Collect$$rtentry$$0000000D          0x080001dc   Section        8  __rtentry2.o(.ARM.Collect$$rtentry$$0000000D)
    .ARM.Collect$$rtexit$$00000000           0x080001e4   Section        2  rtexit.o(.ARM.Collect$$rtexit$$00000000)
    .ARM.Collect$$rtexit$$00000002           0x080001e6   Section        0  rtexit2.o(.ARM.Collect$$rtexit$$00000002)
    .ARM.Collect$$rtexit$$00000003           0x080001e6   Section        4  rtexit2.o(.ARM.Collect$$rtexit$$00000003)
    .ARM.Collect$$rtexit$$00000004           0x080001ea   Section        6  rtexit2.o(.ARM.Collect$$rtexit$$00000004)
    .text                                    0x080001f0   Section       64  startup_stm32f10x_hd.o(.text)
    .text                                    0x08000230   Section        2  use_no_semi_2.o(.text)
    .text                                    0x08000234   Section        0  noretval__2printf.o(.text)
    .text                                    0x0800024c   Section        0  _printf_pad.o(.text)
    .text                                    0x0800029c   Section        0  _printf_dec.o(.text)
    .text                                    0x08000314   Section        0  _printf_hex_int.o(.text)
    .text                                    0x0800036c   Section        0  __printf_wp.o(.text)
    .text                                    0x0800047a   Section        0  heapauxi.o(.text)
    .text                                    0x08000480   Section        2  use_no_semi.o(.text)
    .text                                    0x08000482   Section        0  _rserrno.o(.text)
    .text                                    0x08000498   Section        0  _printf_intcommon.o(.text)
    .text                                    0x0800054a   Section        0  _printf_fp_dec.o(.text)
    _fp_digits                               0x0800054d   Thumb Code   432  _printf_fp_dec.o(.text)
    .text                                    0x08000968   Section        0  _printf_char_file.o(.text)
    .text                                    0x0800098c   Section        8  rt_locale_intlibspace.o(.text)
    .text                                    0x08000994   Section        8  rt_errno_addr_intlibspace.o(.text)
    .text                                    0x0800099c   Section      138  lludiv10.o(.text)
    .text                                    0x08000a28   Section        0  _printf_char_common.o(.text)
    _printf_input_char                       0x08000a29   Thumb Code    10  _printf_char_common.o(.text)
    .text                                    0x08000a58   Section        0  _printf_fp_infnan.o(.text)
    .text                                    0x08000ad8   Section        0  bigflt0.o(.text)
    .text                                    0x08000bbc   Section        0  ferror.o(.text)
    .text                                    0x08000bc4   Section        8  libspace.o(.text)
    .text                                    0x08000bcc   Section       74  sys_stackheap_outer.o(.text)
    .text                                    0x08000c16   Section        0  exit.o(.text)
    .text                                    0x08000c28   Section      128  strcmpv7m.o(.text)
    CL$$btod_d2e                             0x08000ca8   Section       62  btod.o(CL$$btod_d2e)
    CL$$btod_d2e_denorm_low                  0x08000ce6   Section       70  btod.o(CL$$btod_d2e_denorm_low)
    CL$$btod_d2e_norm_op1                    0x08000d2c   Section       96  btod.o(CL$$btod_d2e_norm_op1)
    CL$$btod_div_common                      0x08000d8c   Section      824  btod.o(CL$$btod_div_common)
    CL$$btod_e2e                             0x080010c4   Section      220  btod.o(CL$$btod_e2e)
    CL$$btod_ediv                            0x080011a0   Section       42  btod.o(CL$$btod_ediv)
    CL$$btod_emul                            0x080011ca   Section       42  btod.o(CL$$btod_emul)
    CL$$btod_mult_common                     0x080011f4   Section      580  btod.o(CL$$btod_mult_common)
    i.ADC1_2_IRQHandler                      0x08001438   Section        0  adc.o(i.ADC1_2_IRQHandler)
    i.ADC_ClearITPendingBit                  0x08001470   Section        0  stm32f10x_adc.o(i.ADC_ClearITPendingBit)
    i.ADC_Cmd                                0x0800147a   Section        0  stm32f10x_adc.o(i.ADC_Cmd)
    i.ADC_DeInit                             0x08001490   Section        0  stm32f10x_adc.o(i.ADC_DeInit)
    i.ADC_GetCalibrationStatus               0x080014ec   Section        0  stm32f10x_adc.o(i.ADC_GetCalibrationStatus)
    i.ADC_GetConversionValue                 0x08001500   Section        0  stm32f10x_adc.o(i.ADC_GetConversionValue)
    i.ADC_GetITStatus                        0x08001508   Section        0  stm32f10x_adc.o(i.ADC_GetITStatus)
    i.ADC_GetResetCalibrationStatus          0x0800152c   Section        0  stm32f10x_adc.o(i.ADC_GetResetCalibrationStatus)
    i.ADC_ITConfig                           0x08001540   Section        0  stm32f10x_adc.o(i.ADC_ITConfig)
    i.ADC_Init                               0x08001558   Section        0  stm32f10x_adc.o(i.ADC_Init)
    i.ADC_RegularChannelConfig               0x080015a8   Section        0  stm32f10x_adc.o(i.ADC_RegularChannelConfig)
    i.ADC_ResetCalibration                   0x08001660   Section        0  stm32f10x_adc.o(i.ADC_ResetCalibration)
    i.ADC_SoftwareStartConvCmd               0x0800166a   Section        0  stm32f10x_adc.o(i.ADC_SoftwareStartConvCmd)
    i.ADC_StartCalibration                   0x08001680   Section        0  stm32f10x_adc.o(i.ADC_StartCalibration)
    i.Adc_Init                               0x0800168c   Section        0  adc.o(i.Adc_Init)
    i.BEEP_Init                              0x08001754   Section        0  beep.o(i.BEEP_Init)
    i.BusFault_Handler                       0x0800178c   Section        0  stm32f10x_it.o(i.BusFault_Handler)
    i.DebugMon_Handler                       0x08001790   Section        0  stm32f10x_it.o(i.DebugMon_Handler)
    i.FSMC_NORSRAMCmd                        0x08001794   Section        0  stm32f10x_fsmc.o(i.FSMC_NORSRAMCmd)
    i.FSMC_NORSRAMInit                       0x080017c8   Section        0  stm32f10x_fsmc.o(i.FSMC_NORSRAMInit)
    i.GPIO_Init                              0x080018ae   Section        0  stm32f10x_gpio.o(i.GPIO_Init)
    i.GPIO_ResetBits                         0x080019c4   Section        0  stm32f10x_gpio.o(i.GPIO_ResetBits)
    i.GPIO_SetBits                           0x080019c8   Section        0  stm32f10x_gpio.o(i.GPIO_SetBits)
    i.HardFault_Handler                      0x080019cc   Section        0  stm32f10x_it.o(i.HardFault_Handler)
    i.LCD_Clear                              0x080019d0   Section        0  lcd_1.o(i.LCD_Clear)
    i.LCD_Display_Dir                        0x08001a3c   Section        0  lcd_1.o(i.LCD_Display_Dir)
    i.LCD_Fast_DrawPoint                     0x08001bfc   Section        0  lcd_1.o(i.LCD_Fast_DrawPoint)
    i.LCD_Init                               0x08001d78   Section        0  lcd_1.o(i.LCD_Init)
    i.LCD_Pow                                0x080054ec   Section        0  lcd_1.o(i.LCD_Pow)
    i.LCD_RD_DATA                            0x08005504   Section        0  lcd_1.o(i.LCD_RD_DATA)
    i.LCD_ReadReg                            0x08005518   Section        0  lcd_1.o(i.LCD_ReadReg)
    i.LCD_SSD_BackLightSet                   0x08005530   Section        0  lcd_1.o(i.LCD_SSD_BackLightSet)
    i.LCD_Scan_Dir                           0x08005584   Section        0  lcd_1.o(i.LCD_Scan_Dir)
    i.LCD_SetCursor                          0x08005870   Section        0  lcd_1.o(i.LCD_SetCursor)
    i.LCD_ShowChar                           0x08005a18   Section        0  lcd_1.o(i.LCD_ShowChar)
    i.LCD_ShowString                         0x08005b40   Section        0  lcd_1.o(i.LCD_ShowString)
    i.LCD_ShowxNum                           0x08005ba6   Section        0  lcd_1.o(i.LCD_ShowxNum)
    i.LCD_WR_DATA                            0x08005c64   Section        0  lcd_1.o(i.LCD_WR_DATA)
    i.LCD_WR_REG                             0x08005c70   Section        0  lcd_1.o(i.LCD_WR_REG)
    i.LCD_WriteRAM_Prepare                   0x08005c7c   Section        0  lcd_1.o(i.LCD_WriteRAM_Prepare)
    i.LCD_WriteReg                           0x08005c90   Section        0  lcd_1.o(i.LCD_WriteReg)
    i.LED_Init                               0x08005ca0   Section        0  led.o(i.LED_Init)
    i.MemManage_Handler                      0x08005cec   Section        0  stm32f10x_it.o(i.MemManage_Handler)
    i.NMI_Handler                            0x08005cf0   Section        0  stm32f10x_it.o(i.NMI_Handler)
    i.NVIC_Init                              0x08005cf4   Section        0  misc.o(i.NVIC_Init)
    i.NVIC_PriorityGroupConfig               0x08005d64   Section        0  misc.o(i.NVIC_PriorityGroupConfig)
    i.PendSV_Handler                         0x08005d78   Section        0  stm32f10x_it.o(i.PendSV_Handler)
    i.RCC_ADCCLKConfig                       0x08005d7c   Section        0  stm32f10x_rcc.o(i.RCC_ADCCLKConfig)
    i.RCC_AHBPeriphClockCmd                  0x08005d94   Section        0  stm32f10x_rcc.o(i.RCC_AHBPeriphClockCmd)
    i.RCC_APB2PeriphClockCmd                 0x08005db4   Section        0  stm32f10x_rcc.o(i.RCC_APB2PeriphClockCmd)
    i.RCC_APB2PeriphResetCmd                 0x08005dd4   Section        0  stm32f10x_rcc.o(i.RCC_APB2PeriphResetCmd)
    i.RCC_GetClocksFreq                      0x08005df4   Section        0  stm32f10x_rcc.o(i.RCC_GetClocksFreq)
    i.SVC_Handler                            0x08005ec8   Section        0  stm32f10x_it.o(i.SVC_Handler)
    i.SetSysClock                            0x08005eca   Section        0  system_stm32f10x.o(i.SetSysClock)
    SetSysClock                              0x08005ecb   Thumb Code     8  system_stm32f10x.o(i.SetSysClock)
    i.SetSysClockTo72                        0x08005ed4   Section        0  system_stm32f10x.o(i.SetSysClockTo72)
    SetSysClockTo72                          0x08005ed5   Thumb Code   214  system_stm32f10x.o(i.SetSysClockTo72)
    i.SysTick_CLKSourceConfig                0x08005fb4   Section        0  misc.o(i.SysTick_CLKSourceConfig)
    i.SysTick_Handler                        0x08005fdc   Section        0  stm32f10x_it.o(i.SysTick_Handler)
    i.SystemInit                             0x08005fe0   Section        0  system_stm32f10x.o(i.SystemInit)
    i.USART1_IRQHandler                      0x08006040   Section        0  usart.o(i.USART1_IRQHandler)
    i.USART_Cmd                              0x080060c8   Section        0  stm32f10x_usart.o(i.USART_Cmd)
    i.USART_GetITStatus                      0x080060e0   Section        0  stm32f10x_usart.o(i.USART_GetITStatus)
    i.USART_ITConfig                         0x08006134   Section        0  stm32f10x_usart.o(i.USART_ITConfig)
    i.USART_Init                             0x08006180   Section        0  stm32f10x_usart.o(i.USART_Init)
    i.USART_ReceiveData                      0x08006258   Section        0  stm32f10x_usart.o(i.USART_ReceiveData)
    i.UsageFault_Handler                     0x08006262   Section        0  stm32f10x_it.o(i.UsageFault_Handler)
    i.__ARM_fpclassify                       0x08006266   Section        0  fpclassify.o(i.__ARM_fpclassify)
    i.__kernel_poly                          0x0800628e   Section        0  poly.o(i.__kernel_poly)
    i.__mathlib_dbl_divzero                  0x08006338   Section        0  dunder.o(i.__mathlib_dbl_divzero)
    i.__mathlib_dbl_infnan                   0x08006348   Section        0  dunder.o(i.__mathlib_dbl_infnan)
    i.__mathlib_dbl_invalid                  0x0800634e   Section        0  dunder.o(i.__mathlib_dbl_invalid)
    i._is_digit                              0x0800635a   Section        0  __printf_wp.o(i._is_digit)
    i._sys_exit                              0x08006368   Section        0  usart.o(i._sys_exit)
    i.delay_init                             0x0800636c   Section        0  delay.o(i.delay_init)
    i.delay_ms                               0x080063b0   Section        0  delay.o(i.delay_ms)
    i.delay_us                               0x080063fc   Section        0  delay.o(i.delay_us)
    i.fputc                                  0x08006448   Section        0  usart.o(i.fputc)
    i.log                                    0x08006464   Section        0  log.o(i.log)
    i.main                                   0x080067c0   Section        0  main.o(i.main)
    i.uart_init                              0x08006a00   Section        0  usart.o(i.uart_init)
    locale$$code                             0x08006aa0   Section       44  lc_numeric_c.o(locale$$code)
    x$fpl$dadd                               0x08006acc   Section      336  daddsub_clz.o(x$fpl$dadd)
    _dadd1                                   0x08006add   Thumb Code     0  daddsub_clz.o(x$fpl$dadd)
    x$fpl$dcheck1                            0x08006c1c   Section       16  dcheck1.o(x$fpl$dcheck1)
    x$fpl$dcmpinf                            0x08006c2c   Section       24  dcmpi.o(x$fpl$dcmpinf)
    x$fpl$ddiv                               0x08006c44   Section      688  ddiv.o(x$fpl$ddiv)
    ddiv_entry                               0x08006c4b   Thumb Code     0  ddiv.o(x$fpl$ddiv)
    x$fpl$deqf                               0x08006ef4   Section      120  deqf.o(x$fpl$deqf)
    x$fpl$dfixu                              0x08006f6c   Section       90  dfixu.o(x$fpl$dfixu)
    x$fpl$dflt                               0x08006fc6   Section       46  dflt_clz.o(x$fpl$dflt)
    x$fpl$dfltu                              0x08006ff4   Section       38  dflt_clz.o(x$fpl$dfltu)
    x$fpl$dmul                               0x0800701c   Section      340  dmul.o(x$fpl$dmul)
    x$fpl$dnaninf                            0x08007170   Section      156  dnaninf.o(x$fpl$dnaninf)
    x$fpl$dretinf                            0x0800720c   Section       12  dretinf.o(x$fpl$dretinf)
    x$fpl$drsb                               0x08007218   Section       22  daddsub_clz.o(x$fpl$drsb)
    x$fpl$dsub                               0x08007230   Section      468  daddsub_clz.o(x$fpl$dsub)
    _dsub1                                   0x08007241   Thumb Code     0  daddsub_clz.o(x$fpl$dsub)
    x$fpl$printf1                            0x08007404   Section        4  printf1.o(x$fpl$printf1)
    x$fpl$retnan                             0x08007408   Section      100  retnan.o(x$fpl$retnan)
    x$fpl$scalbn                             0x0800746c   Section       92  scalbn.o(x$fpl$scalbn)
    x$fpl$trapveneer                         0x080074c8   Section       48  trapv.o(x$fpl$trapveneer)
    .constdata                               0x080074f8   Section     6080  lcd_1.o(.constdata)
    x$fpl$usenofp                            0x080074f8   Section        0  usenofp.o(x$fpl$usenofp)
    .constdata                               0x08008cb8   Section       40  _printf_hex_int.o(.constdata)
    uc_hextab                                0x08008cb8   Data          20  _printf_hex_int.o(.constdata)
    lc_hextab                                0x08008ccc   Data          20  _printf_hex_int.o(.constdata)
    .constdata                               0x08008ce0   Section       56  log.o(.constdata)
    Lg2                                      0x08008ce0   Data          24  log.o(.constdata)
    Lg                                       0x08008cf8   Data          32  log.o(.constdata)
    .constdata                               0x08008d18   Section        8  qnan.o(.constdata)
    .constdata                               0x08008d20   Section      148  bigflt0.o(.constdata)
    tenpwrs_x                                0x08008d20   Data          60  bigflt0.o(.constdata)
    tenpwrs_i                                0x08008d5c   Data          64  bigflt0.o(.constdata)
    locale$$data                             0x08008dd4   Section       28  lc_numeric_c.o(locale$$data)
    __lcnum_c_name                           0x08008dd8   Data           2  lc_numeric_c.o(locale$$data)
    __lcnum_c_start                          0x08008de0   Data           0  lc_numeric_c.o(locale$$data)
    __lcnum_c_point                          0x08008dec   Data           0  lc_numeric_c.o(locale$$data)
    __lcnum_c_thousands                      0x08008dee   Data           0  lc_numeric_c.o(locale$$data)
    __lcnum_c_grouping                       0x08008def   Data           0  lc_numeric_c.o(locale$$data)
    __lcnum_c_end                            0x08008df0   Data           0  lc_numeric_c.o(locale$$data)
    .data                                    0x20000000   Section       20  system_stm32f10x.o(.data)
    .data                                    0x20000014   Section       20  stm32f10x_rcc.o(.data)
    APBAHBPrescTable                         0x20000014   Data          16  stm32f10x_rcc.o(.data)
    ADCPrescTable                            0x20000024   Data           4  stm32f10x_rcc.o(.data)
    .data                                    0x20000028   Section        4  delay.o(.data)
    fac_us                                   0x20000028   Data           1  delay.o(.data)
    fac_ms                                   0x2000002a   Data           2  delay.o(.data)
    .data                                    0x2000002c   Section        6  usart.o(.data)
    .data                                    0x20000032   Section        2  adc.o(.data)
    .data                                    0x20000034   Section        4  lcd_1.o(.data)
    .bss                                     0x20000038   Section      200  usart.o(.bss)
    .bss                                     0x20000100   Section       14  lcd_1.o(.bss)
    .bss                                     0x20000110   Section       96  libspace.o(.bss)
    HEAP                                     0x20000170   Section      512  startup_stm32f10x_hd.o(HEAP)
    Heap_Mem                                 0x20000170   Data         512  startup_stm32f10x_hd.o(HEAP)
    STACK                                    0x20000370   Section     1024  startup_stm32f10x_hd.o(STACK)
    Stack_Mem                                0x20000370   Data        1024  startup_stm32f10x_hd.o(STACK)
    __initial_sp                             0x20000770   Data           0  startup_stm32f10x_hd.o(STACK)

    Global Symbols

    Symbol Name                              Value     Ov Type        Size  Object(Section)

    BuildAttributes$$THM_ISAv4$P$D$K$B$S$PE$A:L22UL41UL21$X:L11$S22US41US21$IEEE1$IW$USESV6$~STKCKD$USESV7$~SHL$OTIME$ROPI$IEEEX$EBA8$UX$STANDARDLIB$REQ8$PRES8$EABIv2 0x00000000   Number         0  anon$$obj.o ABSOLUTE
    __ARM_use_no_argv                        0x00000000   Number         0  main.o ABSOLUTE
    _printf_flags                            0x00000000   Number         0  printf_stubs.o ABSOLUTE
    _printf_return_value                     0x00000000   Number         0  printf_stubs.o ABSOLUTE
    _printf_sizespec                         0x00000000   Number         0  printf_stubs.o ABSOLUTE
    _printf_widthprec                        0x00000000   Number         0  printf_stubs.o ABSOLUTE
    __ARM_exceptions_init                     - Undefined Weak Reference
    __alloca_initialize                       - Undefined Weak Reference
    __arm_preinit_                            - Undefined Weak Reference
    __cpp_initialize__aeabi_                  - Undefined Weak Reference
    __cxa_finalize                            - Undefined Weak Reference
    __sigvec_lookup                           - Undefined Weak Reference
    _atexit_init                              - Undefined Weak Reference
    _call_atexit_fns                          - Undefined Weak Reference
    _clock_init                               - Undefined Weak Reference
    _fp_trap_init                             - Undefined Weak Reference
    _fp_trap_shutdown                         - Undefined Weak Reference
    _get_lc_collate                           - Undefined Weak Reference
    _get_lc_ctype                             - Undefined Weak Reference
    _get_lc_monetary                          - Undefined Weak Reference
    _get_lc_time                              - Undefined Weak Reference
    _getenv_init                              - Undefined Weak Reference
    _handle_redirection                       - Undefined Weak Reference
    _init_alloc                               - Undefined Weak Reference
    _init_user_alloc                          - Undefined Weak Reference
    _initio                                   - Undefined Weak Reference
    _mutex_acquire                            - Undefined Weak Reference
    _mutex_release                            - Undefined Weak Reference
    _printf_truncate_signed                   - Undefined Weak Reference
    _printf_truncate_unsigned                 - Undefined Weak Reference
    _rand_init                                - Undefined Weak Reference
    _signal_finish                            - Undefined Weak Reference
    _signal_init                              - Undefined Weak Reference
    _terminate_alloc                          - Undefined Weak Reference
    _terminate_user_alloc                     - Undefined Weak Reference
    _terminateio                              - Undefined Weak Reference
    __Vectors_Size                           0x00000130   Number         0  startup_stm32f10x_hd.o ABSOLUTE
    __Vectors                                0x08000000   Data           4  startup_stm32f10x_hd.o(RESET)
    __Vectors_End                            0x08000130   Data           0  startup_stm32f10x_hd.o(RESET)
    __main                                   0x08000131   Thumb Code     8  __main.o(!!!main)
    __scatterload                            0x08000139   Thumb Code     0  __scatter.o(!!!scatter)
    __scatterload_rt2                        0x08000139   Thumb Code    44  __scatter.o(!!!scatter)
    __scatterload_rt2_thumb_only             0x08000139   Thumb Code     0  __scatter.o(!!!scatter)
    __scatterload_null                       0x08000147   Thumb Code     0  __scatter.o(!!!scatter)
    __scatterload_copy                       0x0800016d   Thumb Code    26  __scatter_copy.o(!!handler_copy)
    __scatterload_zeroinit                   0x08000189   Thumb Code    28  __scatter_zi.o(!!handler_zi)
    _printf_f                                0x080001a5   Thumb Code     0  _printf_f.o(.ARM.Collect$$_printf_percent$$00000003)
    _printf_percent                          0x080001a5   Thumb Code     0  _printf_percent.o(.ARM.Collect$$_printf_percent$$00000000)
    _printf_d                                0x080001ab   Thumb Code     0  _printf_d.o(.ARM.Collect$$_printf_percent$$00000009)
    _printf_x                                0x080001b1   Thumb Code     0  _printf_x.o(.ARM.Collect$$_printf_percent$$0000000C)
    _printf_percent_end                      0x080001b7   Thumb Code     0  _printf_percent_end.o(.ARM.Collect$$_printf_percent$$00000017)
    __rt_lib_init                            0x080001bb   Thumb Code     0  libinit.o(.ARM.Collect$$libinit$$00000000)
    __rt_lib_init_fp_1                       0x080001bd   Thumb Code     0  libinit2.o(.ARM.Collect$$libinit$$00000002)
    __rt_lib_init_heap_1                     0x080001bd   Thumb Code     0  libinit2.o(.ARM.Collect$$libinit$$0000000A)
    __rt_lib_init_lc_common                  0x080001bd   Thumb Code     0  libinit2.o(.ARM.Collect$$libinit$$0000000F)
    __rt_lib_init_preinit_1                  0x080001bd   Thumb Code     0  libinit2.o(.ARM.Collect$$libinit$$00000004)
    __rt_lib_init_rand_1                     0x080001bd   Thumb Code     0  libinit2.o(.ARM.Collect$$libinit$$0000000E)
    __rt_lib_init_user_alloc_1               0x080001bd   Thumb Code     0  libinit2.o(.ARM.Collect$$libinit$$0000000C)
    __rt_lib_init_lc_collate_1               0x080001c3   Thumb Code     0  libinit2.o(.ARM.Collect$$libinit$$00000011)
    __rt_lib_init_lc_ctype_1                 0x080001c3   Thumb Code     0  libinit2.o(.ARM.Collect$$libinit$$00000013)
    __rt_lib_init_lc_monetary_1              0x080001c3   Thumb Code     0  libinit2.o(.ARM.Collect$$libinit$$00000015)
    __rt_lib_init_lc_numeric_2               0x080001c3   Thumb Code     0  libinit2.o(.ARM.Collect$$libinit$$00000016)
    __rt_lib_init_alloca_1                   0x080001cd   Thumb Code     0  libinit2.o(.ARM.Collect$$libinit$$0000002E)
    __rt_lib_init_argv_1                     0x080001cd   Thumb Code     0  libinit2.o(.ARM.Collect$$libinit$$0000002C)
    __rt_lib_init_atexit_1                   0x080001cd   Thumb Code     0  libinit2.o(.ARM.Collect$$libinit$$0000001B)
    __rt_lib_init_clock_1                    0x080001cd   Thumb Code     0  libinit2.o(.ARM.Collect$$libinit$$00000021)
    __rt_lib_init_cpp_1                      0x080001cd   Thumb Code     0  libinit2.o(.ARM.Collect$$libinit$$00000032)
    __rt_lib_init_exceptions_1               0x080001cd   Thumb Code     0  libinit2.o(.ARM.Collect$$libinit$$00000030)
    __rt_lib_init_fp_trap_1                  0x080001cd   Thumb Code     0  libinit2.o(.ARM.Collect$$libinit$$0000001F)
    __rt_lib_init_getenv_1                   0x080001cd   Thumb Code     0  libinit2.o(.ARM.Collect$$libinit$$00000023)
    __rt_lib_init_lc_numeric_1               0x080001cd   Thumb Code     0  libinit2.o(.ARM.Collect$$libinit$$00000017)
    __rt_lib_init_lc_time_1                  0x080001cd   Thumb Code     0  libinit2.o(.ARM.Collect$$libinit$$00000019)
    __rt_lib_init_return                     0x080001cd   Thumb Code     0  libinit2.o(.ARM.Collect$$libinit$$00000033)
    __rt_lib_init_signal_1                   0x080001cd   Thumb Code     0  libinit2.o(.ARM.Collect$$libinit$$0000001D)
    __rt_lib_init_stdio_1                    0x080001cd   Thumb Code     0  libinit2.o(.ARM.Collect$$libinit$$00000025)
    __rt_lib_shutdown                        0x080001cf   Thumb Code     0  libshutdown.o(.ARM.Collect$$libshutdown$$00000000)
    __rt_lib_shutdown_cpp_1                  0x080001d1   Thumb Code     0  libshutdown2.o(.ARM.Collect$$libshutdown$$00000002)
    __rt_lib_shutdown_fp_trap_1              0x080001d1   Thumb Code     0  libshutdown2.o(.ARM.Collect$$libshutdown$$00000007)
    __rt_lib_shutdown_heap_1                 0x080001d1   Thumb Code     0  libshutdown2.o(.ARM.Collect$$libshutdown$$0000000F)
    __rt_lib_shutdown_return                 0x080001d1   Thumb Code     0  libshutdown2.o(.ARM.Collect$$libshutdown$$00000010)
    __rt_lib_shutdown_signal_1               0x080001d1   Thumb Code     0  libshutdown2.o(.ARM.Collect$$libshutdown$$0000000A)
    __rt_lib_shutdown_stdio_1                0x080001d1   Thumb Code     0  libshutdown2.o(.ARM.Collect$$libshutdown$$00000004)
    __rt_lib_shutdown_user_alloc_1           0x080001d1   Thumb Code     0  libshutdown2.o(.ARM.Collect$$libshutdown$$0000000C)
    __rt_entry                               0x080001d3   Thumb Code     0  __rtentry.o(.ARM.Collect$$rtentry$$00000000)
    __rt_entry_presh_1                       0x080001d3   Thumb Code     0  __rtentry2.o(.ARM.Collect$$rtentry$$00000002)
    __rt_entry_sh                            0x080001d3   Thumb Code     0  __rtentry4.o(.ARM.Collect$$rtentry$$00000004)
    __rt_entry_li                            0x080001d9   Thumb Code     0  __rtentry2.o(.ARM.Collect$$rtentry$$0000000A)
    __rt_entry_postsh_1                      0x080001d9   Thumb Code     0  __rtentry2.o(.ARM.Collect$$rtentry$$00000009)
    __rt_entry_main                          0x080001dd   Thumb Code     0  __rtentry2.o(.ARM.Collect$$rtentry$$0000000D)
    __rt_entry_postli_1                      0x080001dd   Thumb Code     0  __rtentry2.o(.ARM.Collect$$rtentry$$0000000C)
    __rt_exit                                0x080001e5   Thumb Code     0  rtexit.o(.ARM.Collect$$rtexit$$00000000)
    __rt_exit_ls                             0x080001e7   Thumb Code     0  rtexit2.o(.ARM.Collect$$rtexit$$00000003)
    __rt_exit_prels_1                        0x080001e7   Thumb Code     0  rtexit2.o(.ARM.Collect$$rtexit$$00000002)
    __rt_exit_exit                           0x080001eb   Thumb Code     0  rtexit2.o(.ARM.Collect$$rtexit$$00000004)
    Reset_Handler                            0x080001f1   Thumb Code     8  startup_stm32f10x_hd.o(.text)
    ADC3_IRQHandler                          0x0800020b   Thumb Code     0  startup_stm32f10x_hd.o(.text)
    CAN1_RX1_IRQHandler                      0x0800020b   Thumb Code     0  startup_stm32f10x_hd.o(.text)
    CAN1_SCE_IRQHandler                      0x0800020b   Thumb Code     0  startup_stm32f10x_hd.o(.text)
    DMA1_Channel1_IRQHandler                 0x0800020b   Thumb Code     0  startup_stm32f10x_hd.o(.text)
    DMA1_Channel2_IRQHandler                 0x0800020b   Thumb Code     0  startup_stm32f10x_hd.o(.text)
    DMA1_Channel3_IRQHandler                 0x0800020b   Thumb Code     0  startup_stm32f10x_hd.o(.text)
    DMA1_Channel4_IRQHandler                 0x0800020b   Thumb Code     0  startup_stm32f10x_hd.o(.text)
    DMA1_Channel5_IRQHandler                 0x0800020b   Thumb Code     0  startup_stm32f10x_hd.o(.text)
    DMA1_Channel6_IRQHandler                 0x0800020b   Thumb Code     0  startup_stm32f10x_hd.o(.text)
    DMA1_Channel7_IRQHandler                 0x0800020b   Thumb Code     0  startup_stm32f10x_hd.o(.text)
    DMA2_Channel1_IRQHandler                 0x0800020b   Thumb Code     0  startup_stm32f10x_hd.o(.text)
    DMA2_Channel2_IRQHandler                 0x0800020b   Thumb Code     0  startup_stm32f10x_hd.o(.text)
    DMA2_Channel3_IRQHandler                 0x0800020b   Thumb Code     0  startup_stm32f10x_hd.o(.text)
    DMA2_Channel4_5_IRQHandler               0x0800020b   Thumb Code     0  startup_stm32f10x_hd.o(.text)
    EXTI0_IRQHandler                         0x0800020b   Thumb Code     0  startup_stm32f10x_hd.o(.text)
    EXTI15_10_IRQHandler                     0x0800020b   Thumb Code     0  startup_stm32f10x_hd.o(.text)
    EXTI1_IRQHandler                         0x0800020b   Thumb Code     0  startup_stm32f10x_hd.o(.text)
    EXTI2_IRQHandler                         0x0800020b   Thumb Code     0  startup_stm32f10x_hd.o(.text)
    EXTI3_IRQHandler                         0x0800020b   Thumb Code     0  startup_stm32f10x_hd.o(.text)
    EXTI4_IRQHandler                         0x0800020b   Thumb Code     0  startup_stm32f10x_hd.o(.text)
    EXTI9_5_IRQHandler                       0x0800020b   Thumb Code     0  startup_stm32f10x_hd.o(.text)
    FLASH_IRQHandler                         0x0800020b   Thumb Code     0  startup_stm32f10x_hd.o(.text)
    FSMC_IRQHandler                          0x0800020b   Thumb Code     0  startup_stm32f10x_hd.o(.text)
    I2C1_ER_IRQHandler                       0x0800020b   Thumb Code     0  startup_stm32f10x_hd.o(.text)
    I2C1_EV_IRQHandler                       0x0800020b   Thumb Code     0  startup_stm32f10x_hd.o(.text)
    I2C2_ER_IRQHandler                       0x0800020b   Thumb Code     0  startup_stm32f10x_hd.o(.text)
    I2C2_EV_IRQHandler                       0x0800020b   Thumb Code     0  startup_stm32f10x_hd.o(.text)
    PVD_IRQHandler                           0x0800020b   Thumb Code     0  startup_stm32f10x_hd.o(.text)
    RCC_IRQHandler                           0x0800020b   Thumb Code     0  startup_stm32f10x_hd.o(.text)
    RTCAlarm_IRQHandler                      0x0800020b   Thumb Code     0  startup_stm32f10x_hd.o(.text)
    RTC_IRQHandler                           0x0800020b   Thumb Code     0  startup_stm32f10x_hd.o(.text)
    SDIO_IRQHandler                          0x0800020b   Thumb Code     0  startup_stm32f10x_hd.o(.text)
    SPI1_IRQHandler                          0x0800020b   Thumb Code     0  startup_stm32f10x_hd.o(.text)
    SPI2_IRQHandler                          0x0800020b   Thumb Code     0  startup_stm32f10x_hd.o(.text)
    SPI3_IRQHandler                          0x0800020b   Thumb Code     0  startup_stm32f10x_hd.o(.text)
    TAMPER_IRQHandler                        0x0800020b   Thumb Code     0  startup_stm32f10x_hd.o(.text)
    TIM1_BRK_IRQHandler                      0x0800020b   Thumb Code     0  startup_stm32f10x_hd.o(.text)
    TIM1_CC_IRQHandler                       0x0800020b   Thumb Code     0  startup_stm32f10x_hd.o(.text)
    TIM1_TRG_COM_IRQHandler                  0x0800020b   Thumb Code     0  startup_stm32f10x_hd.o(.text)
    TIM1_UP_IRQHandler                       0x0800020b   Thumb Code     0  startup_stm32f10x_hd.o(.text)
    TIM2_IRQHandler                          0x0800020b   Thumb Code     0  startup_stm32f10x_hd.o(.text)
    TIM3_IRQHandler                          0x0800020b   Thumb Code     0  startup_stm32f10x_hd.o(.text)
    TIM4_IRQHandler                          0x0800020b   Thumb Code     0  startup_stm32f10x_hd.o(.text)
    TIM5_IRQHandler                          0x0800020b   Thumb Code     0  startup_stm32f10x_hd.o(.text)
    TIM6_IRQHandler                          0x0800020b   Thumb Code     0  startup_stm32f10x_hd.o(.text)
    TIM7_IRQHandler                          0x0800020b   Thumb Code     0  startup_stm32f10x_hd.o(.text)
    TIM8_BRK_IRQHandler                      0x0800020b   Thumb Code     0  startup_stm32f10x_hd.o(.text)
    TIM8_CC_IRQHandler                       0x0800020b   Thumb Code     0  startup_stm32f10x_hd.o(.text)
    TIM8_TRG_COM_IRQHandler                  0x0800020b   Thumb Code     0  startup_stm32f10x_hd.o(.text)
    TIM8_UP_IRQHandler                       0x0800020b   Thumb Code     0  startup_stm32f10x_hd.o(.text)
    UART4_IRQHandler                         0x0800020b   Thumb Code     0  startup_stm32f10x_hd.o(.text)
    UART5_IRQHandler                         0x0800020b   Thumb Code     0  startup_stm32f10x_hd.o(.text)
    USART2_IRQHandler                        0x0800020b   Thumb Code     0  startup_stm32f10x_hd.o(.text)
    USART3_IRQHandler                        0x0800020b   Thumb Code     0  startup_stm32f10x_hd.o(.text)
    USBWakeUp_IRQHandler                     0x0800020b   Thumb Code     0  startup_stm32f10x_hd.o(.text)
    USB_HP_CAN1_TX_IRQHandler                0x0800020b   Thumb Code     0  startup_stm32f10x_hd.o(.text)
    USB_LP_CAN1_RX0_IRQHandler               0x0800020b   Thumb Code     0  startup_stm32f10x_hd.o(.text)
    WWDG_IRQHandler                          0x0800020b   Thumb Code     0  startup_stm32f10x_hd.o(.text)
    __user_initial_stackheap                 0x0800020d   Thumb Code     0  startup_stm32f10x_hd.o(.text)
    __use_no_semihosting                     0x08000231   Thumb Code     2  use_no_semi_2.o(.text)
    __2printf                                0x08000235   Thumb Code    20  noretval__2printf.o(.text)
    _printf_pre_padding                      0x0800024d   Thumb Code    44  _printf_pad.o(.text)
    _printf_post_padding                     0x08000279   Thumb Code    34  _printf_pad.o(.text)
    _printf_int_dec                          0x0800029d   Thumb Code   104  _printf_dec.o(.text)
    _printf_int_hex                          0x08000315   Thumb Code    84  _printf_hex_int.o(.text)
    _printf_longlong_hex                     0x08000315   Thumb Code     0  _printf_hex_int.o(.text)
    __printf                                 0x0800036d   Thumb Code   270  __printf_wp.o(.text)
    __use_two_region_memory                  0x0800047b   Thumb Code     2  heapauxi.o(.text)
    __rt_heap_escrow$2region                 0x0800047d   Thumb Code     2  heapauxi.o(.text)
    __rt_heap_expand$2region                 0x0800047f   Thumb Code     2  heapauxi.o(.text)
    __I$use$semihosting                      0x08000481   Thumb Code     0  use_no_semi.o(.text)
    __use_no_semihosting_swi                 0x08000481   Thumb Code     2  use_no_semi.o(.text)
    __read_errno                             0x08000483   Thumb Code    10  _rserrno.o(.text)
    __set_errno                              0x0800048d   Thumb Code    12  _rserrno.o(.text)
    _printf_int_common                       0x08000499   Thumb Code   178  _printf_intcommon.o(.text)
    __lib_sel_fp_printf                      0x0800054b   Thumb Code     2  _printf_fp_dec.o(.text)
    _printf_fp_dec_real                      0x080006fd   Thumb Code   620  _printf_fp_dec.o(.text)
    _printf_char_file                        0x08000969   Thumb Code    32  _printf_char_file.o(.text)
    __rt_locale                              0x0800098d   Thumb Code     8  rt_locale_intlibspace.o(.text)
    __aeabi_errno_addr                       0x08000995   Thumb Code     8  rt_errno_addr_intlibspace.o(.text)
    __errno$intlibspace                      0x08000995   Thumb Code     0  rt_errno_addr_intlibspace.o(.text)
    __rt_errno_addr$intlibspace              0x08000995   Thumb Code     0  rt_errno_addr_intlibspace.o(.text)
    _ll_udiv10                               0x0800099d   Thumb Code   138  lludiv10.o(.text)
    _printf_char_common                      0x08000a33   Thumb Code    32  _printf_char_common.o(.text)
    _printf_fp_infnan                        0x08000a59   Thumb Code   112  _printf_fp_infnan.o(.text)
    _btod_etento                             0x08000ad9   Thumb Code   224  bigflt0.o(.text)
    ferror                                   0x08000bbd   Thumb Code     8  ferror.o(.text)
    __user_libspace                          0x08000bc5   Thumb Code     8  libspace.o(.text)
    __user_perproc_libspace                  0x08000bc5   Thumb Code     0  libspace.o(.text)
    __user_perthread_libspace                0x08000bc5   Thumb Code     0  libspace.o(.text)
    __user_setup_stackheap                   0x08000bcd   Thumb Code    74  sys_stackheap_outer.o(.text)
    exit                                     0x08000c17   Thumb Code    18  exit.o(.text)
    strcmp                                   0x08000c29   Thumb Code   128  strcmpv7m.o(.text)
    _btod_d2e                                0x08000ca9   Thumb Code    62  btod.o(CL$$btod_d2e)
    _d2e_denorm_low                          0x08000ce7   Thumb Code    70  btod.o(CL$$btod_d2e_denorm_low)
    _d2e_norm_op1                            0x08000d2d   Thumb Code    96  btod.o(CL$$btod_d2e_norm_op1)
    __btod_div_common                        0x08000d8d   Thumb Code   696  btod.o(CL$$btod_div_common)
    _e2e                                     0x080010c5   Thumb Code   220  btod.o(CL$$btod_e2e)
    _btod_ediv                               0x080011a1   Thumb Code    42  btod.o(CL$$btod_ediv)
    _btod_emul                               0x080011cb   Thumb Code    42  btod.o(CL$$btod_emul)
    __btod_mult_common                       0x080011f5   Thumb Code   580  btod.o(CL$$btod_mult_common)
    ADC1_2_IRQHandler                        0x08001439   Thumb Code    46  adc.o(i.ADC1_2_IRQHandler)
    ADC_ClearITPendingBit                    0x08001471   Thumb Code    10  stm32f10x_adc.o(i.ADC_ClearITPendingBit)
    ADC_Cmd                                  0x0800147b   Thumb Code    22  stm32f10x_adc.o(i.ADC_Cmd)
    ADC_DeInit                               0x08001491   Thumb Code    78  stm32f10x_adc.o(i.ADC_DeInit)
    ADC_GetCalibrationStatus                 0x080014ed   Thumb Code    20  stm32f10x_adc.o(i.ADC_GetCalibrationStatus)
    ADC_GetConversionValue                   0x08001501   Thumb Code     8  stm32f10x_adc.o(i.ADC_GetConversionValue)
    ADC_GetITStatus                          0x08001509   Thumb Code    36  stm32f10x_adc.o(i.ADC_GetITStatus)
    ADC_GetResetCalibrationStatus            0x0800152d   Thumb Code    20  stm32f10x_adc.o(i.ADC_GetResetCalibrationStatus)
    ADC_ITConfig                             0x08001541   Thumb Code    24  stm32f10x_adc.o(i.ADC_ITConfig)
    ADC_Init                                 0x08001559   Thumb Code    70  stm32f10x_adc.o(i.ADC_Init)
    ADC_RegularChannelConfig                 0x080015a9   Thumb Code   184  stm32f10x_adc.o(i.ADC_RegularChannelConfig)
    ADC_ResetCalibration                     0x08001661   Thumb Code    10  stm32f10x_adc.o(i.ADC_ResetCalibration)
    ADC_SoftwareStartConvCmd                 0x0800166b   Thumb Code    22  stm32f10x_adc.o(i.ADC_SoftwareStartConvCmd)
    ADC_StartCalibration                     0x08001681   Thumb Code    10  stm32f10x_adc.o(i.ADC_StartCalibration)
    Adc_Init                                 0x0800168d   Thumb Code   190  adc.o(i.Adc_Init)
    BEEP_Init                                0x08001755   Thumb Code    50  beep.o(i.BEEP_Init)
    BusFault_Handler                         0x0800178d   Thumb Code     4  stm32f10x_it.o(i.BusFault_Handler)
    DebugMon_Handler                         0x08001791   Thumb Code     2  stm32f10x_it.o(i.DebugMon_Handler)
    FSMC_NORSRAMCmd                          0x08001795   Thumb Code    46  stm32f10x_fsmc.o(i.FSMC_NORSRAMCmd)
    FSMC_NORSRAMInit                         0x080017c9   Thumb Code   230  stm32f10x_fsmc.o(i.FSMC_NORSRAMInit)
    GPIO_Init                                0x080018af   Thumb Code   278  stm32f10x_gpio.o(i.GPIO_Init)
    GPIO_ResetBits                           0x080019c5   Thumb Code     4  stm32f10x_gpio.o(i.GPIO_ResetBits)
    GPIO_SetBits                             0x080019c9   Thumb Code     4  stm32f10x_gpio.o(i.GPIO_SetBits)
    HardFault_Handler                        0x080019cd   Thumb Code     4  stm32f10x_it.o(i.HardFault_Handler)
    LCD_Clear                                0x080019d1   Thumb Code   100  lcd_1.o(i.LCD_Clear)
    LCD_Display_Dir                          0x08001a3d   Thumb Code   444  lcd_1.o(i.LCD_Display_Dir)
    LCD_Fast_DrawPoint                       0x08001bfd   Thumb Code   370  lcd_1.o(i.LCD_Fast_DrawPoint)
    LCD_Init                                 0x08001d79   Thumb Code 14186  lcd_1.o(i.LCD_Init)
    LCD_Pow                                  0x080054ed   Thumb Code    22  lcd_1.o(i.LCD_Pow)
    LCD_RD_DATA                              0x08005505   Thumb Code    14  lcd_1.o(i.LCD_RD_DATA)
    LCD_ReadReg                              0x08005519   Thumb Code    22  lcd_1.o(i.LCD_ReadReg)
    LCD_SSD_BackLightSet                     0x08005531   Thumb Code    80  lcd_1.o(i.LCD_SSD_BackLightSet)
    LCD_Scan_Dir                             0x08005585   Thumb Code   744  lcd_1.o(i.LCD_Scan_Dir)
    LCD_SetCursor                            0x08005871   Thumb Code   418  lcd_1.o(i.LCD_SetCursor)
    LCD_ShowChar                             0x08005a19   Thumb Code   272  lcd_1.o(i.LCD_ShowChar)
    LCD_ShowString                           0x08005b41   Thumb Code   102  lcd_1.o(i.LCD_ShowString)
    LCD_ShowxNum                             0x08005ba7   Thumb Code   190  lcd_1.o(i.LCD_ShowxNum)
    LCD_WR_DATA                              0x08005c65   Thumb Code     6  lcd_1.o(i.LCD_WR_DATA)
    LCD_WR_REG                               0x08005c71   Thumb Code     6  lcd_1.o(i.LCD_WR_REG)
    LCD_WriteRAM_Prepare                     0x08005c7d   Thumb Code    10  lcd_1.o(i.LCD_WriteRAM_Prepare)
    LCD_WriteReg                             0x08005c91   Thumb Code    10  lcd_1.o(i.LCD_WriteReg)
    LED_Init                                 0x08005ca1   Thumb Code    68  led.o(i.LED_Init)
    MemManage_Handler                        0x08005ced   Thumb Code     4  stm32f10x_it.o(i.MemManage_Handler)
    NMI_Handler                              0x08005cf1   Thumb Code     2  stm32f10x_it.o(i.NMI_Handler)
    NVIC_Init                                0x08005cf5   Thumb Code   100  misc.o(i.NVIC_Init)
    NVIC_PriorityGroupConfig                 0x08005d65   Thumb Code    10  misc.o(i.NVIC_PriorityGroupConfig)
    PendSV_Handler                           0x08005d79   Thumb Code     2  stm32f10x_it.o(i.PendSV_Handler)
    RCC_ADCCLKConfig                         0x08005d7d   Thumb Code    18  stm32f10x_rcc.o(i.RCC_ADCCLKConfig)
    RCC_AHBPeriphClockCmd                    0x08005d95   Thumb Code    26  stm32f10x_rcc.o(i.RCC_AHBPeriphClockCmd)
    RCC_APB2PeriphClockCmd                   0x08005db5   Thumb Code    26  stm32f10x_rcc.o(i.RCC_APB2PeriphClockCmd)
    RCC_APB2PeriphResetCmd                   0x08005dd5   Thumb Code    26  stm32f10x_rcc.o(i.RCC_APB2PeriphResetCmd)
    RCC_GetClocksFreq                        0x08005df5   Thumb Code   192  stm32f10x_rcc.o(i.RCC_GetClocksFreq)
    SVC_Handler                              0x08005ec9   Thumb Code     2  stm32f10x_it.o(i.SVC_Handler)
    SysTick_CLKSourceConfig                  0x08005fb5   Thumb Code    40  misc.o(i.SysTick_CLKSourceConfig)
    SysTick_Handler                          0x08005fdd   Thumb Code     2  stm32f10x_it.o(i.SysTick_Handler)
    SystemInit                               0x08005fe1   Thumb Code    78  system_stm32f10x.o(i.SystemInit)
    USART1_IRQHandler                        0x08006041   Thumb Code   122  usart.o(i.USART1_IRQHandler)
    USART_Cmd                                0x080060c9   Thumb Code    24  stm32f10x_usart.o(i.USART_Cmd)
    USART_GetITStatus                        0x080060e1   Thumb Code    84  stm32f10x_usart.o(i.USART_GetITStatus)
    USART_ITConfig                           0x08006135   Thumb Code    74  stm32f10x_usart.o(i.USART_ITConfig)
    USART_Init                               0x08006181   Thumb Code   210  stm32f10x_usart.o(i.USART_Init)
    USART_ReceiveData                        0x08006259   Thumb Code    10  stm32f10x_usart.o(i.USART_ReceiveData)
    UsageFault_Handler                       0x08006263   Thumb Code     4  stm32f10x_it.o(i.UsageFault_Handler)
    __ARM_fpclassify                         0x08006267   Thumb Code    40  fpclassify.o(i.__ARM_fpclassify)
    __kernel_poly                            0x0800628f   Thumb Code   170  poly.o(i.__kernel_poly)
    __mathlib_dbl_divzero                    0x08006339   Thumb Code    12  dunder.o(i.__mathlib_dbl_divzero)
    __mathlib_dbl_infnan                     0x08006349   Thumb Code     6  dunder.o(i.__mathlib_dbl_infnan)
    __mathlib_dbl_invalid                    0x0800634f   Thumb Code    12  dunder.o(i.__mathlib_dbl_invalid)
    _is_digit                                0x0800635b   Thumb Code    14  __printf_wp.o(i._is_digit)
    _sys_exit                                0x08006369   Thumb Code     4  usart.o(i._sys_exit)
    delay_init                               0x0800636d   Thumb Code    50  delay.o(i.delay_init)
    delay_ms                                 0x080063b1   Thumb Code    72  delay.o(i.delay_ms)
    delay_us                                 0x080063fd   Thumb Code    72  delay.o(i.delay_us)
    fputc                                    0x08006449   Thumb Code    24  usart.o(i.fputc)
    log                                      0x08006465   Thumb Code   808  log.o(i.log)
    main                                     0x080067c1   Thumb Code   382  main.o(i.main)
    uart_init                                0x08006a01   Thumb Code   152  usart.o(i.uart_init)
    _get_lc_numeric                          0x08006aa1   Thumb Code    44  lc_numeric_c.o(locale$$code)
    __aeabi_dadd                             0x08006acd   Thumb Code     0  daddsub_clz.o(x$fpl$dadd)
    _dadd                                    0x08006acd   Thumb Code   332  daddsub_clz.o(x$fpl$dadd)
    __fpl_dcheck_NaN1                        0x08006c1d   Thumb Code    10  dcheck1.o(x$fpl$dcheck1)
    __fpl_dcmp_Inf                           0x08006c2d   Thumb Code    24  dcmpi.o(x$fpl$dcmpinf)
    __aeabi_ddiv                             0x08006c45   Thumb Code     0  ddiv.o(x$fpl$ddiv)
    _ddiv                                    0x08006c45   Thumb Code   552  ddiv.o(x$fpl$ddiv)
    __aeabi_cdcmpeq                          0x08006ef5   Thumb Code     0  deqf.o(x$fpl$deqf)
    _dcmpeq                                  0x08006ef5   Thumb Code   120  deqf.o(x$fpl$deqf)
    __aeabi_d2uiz                            0x08006f6d   Thumb Code     0  dfixu.o(x$fpl$dfixu)
    _dfixu                                   0x08006f6d   Thumb Code    90  dfixu.o(x$fpl$dfixu)
    __aeabi_i2d                              0x08006fc7   Thumb Code     0  dflt_clz.o(x$fpl$dflt)
    _dflt                                    0x08006fc7   Thumb Code    46  dflt_clz.o(x$fpl$dflt)
    __aeabi_ui2d                             0x08006ff5   Thumb Code     0  dflt_clz.o(x$fpl$dfltu)
    _dfltu                                   0x08006ff5   Thumb Code    38  dflt_clz.o(x$fpl$dfltu)
    __aeabi_dmul                             0x0800701d   Thumb Code     0  dmul.o(x$fpl$dmul)
    _dmul                                    0x0800701d   Thumb Code   332  dmul.o(x$fpl$dmul)
    __fpl_dnaninf                            0x08007171   Thumb Code   156  dnaninf.o(x$fpl$dnaninf)
    __fpl_dretinf                            0x0800720d   Thumb Code    12  dretinf.o(x$fpl$dretinf)
    __aeabi_drsub                            0x08007219   Thumb Code     0  daddsub_clz.o(x$fpl$drsb)
    _drsb                                    0x08007219   Thumb Code    22  daddsub_clz.o(x$fpl$drsb)
    __aeabi_dsub                             0x08007231   Thumb Code     0  daddsub_clz.o(x$fpl$dsub)
    _dsub                                    0x08007231   Thumb Code   464  daddsub_clz.o(x$fpl$dsub)
    _printf_fp_dec                           0x08007405   Thumb Code     4  printf1.o(x$fpl$printf1)
    __fpl_return_NaN                         0x08007409   Thumb Code   100  retnan.o(x$fpl$retnan)
    __ARM_scalbn                             0x0800746d   Thumb Code    92  scalbn.o(x$fpl$scalbn)
    __fpl_cmpreturn                          0x080074c9   Thumb Code    48  trapv.o(x$fpl$trapveneer)
    __I$use$fp                               0x080074f8   Number         0  usenofp.o(x$fpl$usenofp)
    asc2_1206                                0x080074f8   Data        1140  lcd_1.o(.constdata)
    asc2_1608                                0x0800796c   Data        1520  lcd_1.o(.constdata)
    asc2_2412                                0x08007f5c   Data        3420  lcd_1.o(.constdata)
    __mathlib_zero                           0x08008d18   Data           8  qnan.o(.constdata)
    Region$$Table$$Base                      0x08008db4   Number         0  anon$$obj.o(Region$$Table)
    Region$$Table$$Limit                     0x08008dd4   Number         0  anon$$obj.o(Region$$Table)
    SystemCoreClock                          0x20000000   Data           4  system_stm32f10x.o(.data)
    AHBPrescTable                            0x20000004   Data          16  system_stm32f10x.o(.data)
    __stdout                                 0x2000002c   Data           4  usart.o(.data)
    USART_RX_STA                             0x20000030   Data           2  usart.o(.data)
    ADCConvertedValue                        0x20000032   Data           2  adc.o(.data)
    POINT_COLOR                              0x20000034   Data           2  lcd_1.o(.data)
    BACK_COLOR                               0x20000036   Data           2  lcd_1.o(.data)
    USART_RX_BUF                             0x20000038   Data         200  usart.o(.bss)
    lcddev                                   0x20000100   Data          14  lcd_1.o(.bss)
    __libspace_start                         0x20000110   Data          96  libspace.o(.bss)
    __temporary_stack_top$libspace           0x20000170   Data           0  libspace.o(.bss)



==============================================================================

Memory Map of the image

  Image Entry point : 0x08000131

  Load Region LR_IROM1 (Base: 0x08000000, Size: 0x00008e28, Max: 0x00080000, ABSOLUTE)

    Execution Region ER_IROM1 (Exec base: 0x08000000, Load base: 0x08000000, Size: 0x00008df0, Max: 0x00080000, ABSOLUTE)

    Exec Addr    Load Addr    Size         Type   Attr      Idx    E Section Name        Object

    0x08000000   0x08000000   0x00000130   Data   RO           19    RESET               startup_stm32f10x_hd.o
    0x08000130   0x08000130   0x00000008   Code   RO         2226  * !!!main             c_w.l(__main.o)
    0x08000138   0x08000138   0x00000034   Code   RO         2514    !!!scatter          c_w.l(__scatter.o)
    0x0800016c   0x0800016c   0x0000001a   Code   RO         2516    !!handler_copy      c_w.l(__scatter_copy.o)
    0x08000186   0x08000186   0x00000002   PAD
    0x08000188   0x08000188   0x0000001c   Code   RO         2518    !!handler_zi        c_w.l(__scatter_zi.o)
    0x080001a4   0x080001a4   0x00000000   Code   RO         2223    .ARM.Collect$$_printf_percent$$00000000  c_w.l(_printf_percent.o)
    0x080001a4   0x080001a4   0x00000006   Code   RO         2222    .ARM.Collect$$_printf_percent$$00000003  c_w.l(_printf_f.o)
    0x080001aa   0x080001aa   0x00000006   Code   RO         2221    .ARM.Collect$$_printf_percent$$00000009  c_w.l(_printf_d.o)
    0x080001b0   0x080001b0   0x00000006   Code   RO         2220    .ARM.Collect$$_printf_percent$$0000000C  c_w.l(_printf_x.o)
    0x080001b6   0x080001b6   0x00000004   Code   RO         2273    .ARM.Collect$$_printf_percent$$00000017  c_w.l(_printf_percent_end.o)
    0x080001ba   0x080001ba   0x00000002   Code   RO         2387    .ARM.Collect$$libinit$$00000000  c_w.l(libinit.o)
    0x080001bc   0x080001bc   0x00000000   Code   RO         2389    .ARM.Collect$$libinit$$00000002  c_w.l(libinit2.o)
    0x080001bc   0x080001bc   0x00000000   Code   RO         2391    .ARM.Collect$$libinit$$00000004  c_w.l(libinit2.o)
    0x080001bc   0x080001bc   0x00000000   Code   RO         2394    .ARM.Collect$$libinit$$0000000A  c_w.l(libinit2.o)
    0x080001bc   0x080001bc   0x00000000   Code   RO         2396    .ARM.Collect$$libinit$$0000000C  c_w.l(libinit2.o)
    0x080001bc   0x080001bc   0x00000000   Code   RO         2398    .ARM.Collect$$libinit$$0000000E  c_w.l(libinit2.o)
    0x080001bc   0x080001bc   0x00000006   Code   RO         2399    .ARM.Collect$$libinit$$0000000F  c_w.l(libinit2.o)
    0x080001c2   0x080001c2   0x00000000   Code   RO         2401    .ARM.Collect$$libinit$$00000011  c_w.l(libinit2.o)
    0x080001c2   0x080001c2   0x00000000   Code   RO         2403    .ARM.Collect$$libinit$$00000013  c_w.l(libinit2.o)
    0x080001c2   0x080001c2   0x00000000   Code   RO         2405    .ARM.Collect$$libinit$$00000015  c_w.l(libinit2.o)
    0x080001c2   0x080001c2   0x0000000a   Code   RO         2406    .ARM.Collect$$libinit$$00000016  c_w.l(libinit2.o)
    0x080001cc   0x080001cc   0x00000000   Code   RO         2407    .ARM.Collect$$libinit$$00000017  c_w.l(libinit2.o)
    0x080001cc   0x080001cc   0x00000000   Code   RO         2409    .ARM.Collect$$libinit$$00000019  c_w.l(libinit2.o)
    0x080001cc   0x080001cc   0x00000000   Code   RO         2411    .ARM.Collect$$libinit$$0000001B  c_w.l(libinit2.o)
    0x080001cc   0x080001cc   0x00000000   Code   RO         2413    .ARM.Collect$$libinit$$0000001D  c_w.l(libinit2.o)
    0x080001cc   0x080001cc   0x00000000   Code   RO         2415    .ARM.Collect$$libinit$$0000001F  c_w.l(libinit2.o)
    0x080001cc   0x080001cc   0x00000000   Code   RO         2417    .ARM.Collect$$libinit$$00000021  c_w.l(libinit2.o)
    0x080001cc   0x080001cc   0x00000000   Code   RO         2419    .ARM.Collect$$libinit$$00000023  c_w.l(libinit2.o)
    0x080001cc   0x080001cc   0x00000000   Code   RO         2421    .ARM.Collect$$libinit$$00000025  c_w.l(libinit2.o)
    0x080001cc   0x080001cc   0x00000000   Code   RO         2425    .ARM.Collect$$libinit$$0000002C  c_w.l(libinit2.o)
    0x080001cc   0x080001cc   0x00000000   Code   RO         2427    .ARM.Collect$$libinit$$0000002E  c_w.l(libinit2.o)
    0x080001cc   0x080001cc   0x00000000   Code   RO         2429    .ARM.Collect$$libinit$$00000030  c_w.l(libinit2.o)
    0x080001cc   0x080001cc   0x00000000   Code   RO         2431    .ARM.Collect$$libinit$$00000032  c_w.l(libinit2.o)
    0x080001cc   0x080001cc   0x00000002   Code   RO         2432    .ARM.Collect$$libinit$$00000033  c_w.l(libinit2.o)
    0x080001ce   0x080001ce   0x00000002   Code   RO         2464    .ARM.Collect$$libshutdown$$00000000  c_w.l(libshutdown.o)
    0x080001d0   0x080001d0   0x00000000   Code   RO         2473    .ARM.Collect$$libshutdown$$00000002  c_w.l(libshutdown2.o)
    0x080001d0   0x080001d0   0x00000000   Code   RO         2475    .ARM.Collect$$libshutdown$$00000004  c_w.l(libshutdown2.o)
    0x080001d0   0x080001d0   0x00000000   Code   RO         2478    .ARM.Collect$$libshutdown$$00000007  c_w.l(libshutdown2.o)
    0x080001d0   0x080001d0   0x00000000   Code   RO         2481    .ARM.Collect$$libshutdown$$0000000A  c_w.l(libshutdown2.o)
    0x080001d0   0x080001d0   0x00000000   Code   RO         2483    .ARM.Collect$$libshutdown$$0000000C  c_w.l(libshutdown2.o)
    0x080001d0   0x080001d0   0x00000000   Code   RO         2486    .ARM.Collect$$libshutdown$$0000000F  c_w.l(libshutdown2.o)
    0x080001d0   0x080001d0   0x00000002   Code   RO         2487    .ARM.Collect$$libshutdown$$00000010  c_w.l(libshutdown2.o)
    0x080001d2   0x080001d2   0x00000000   Code   RO         2264    .ARM.Collect$$rtentry$$00000000  c_w.l(__rtentry.o)
    0x080001d2   0x080001d2   0x00000000   Code   RO         2301    .ARM.Collect$$rtentry$$00000002  c_w.l(__rtentry2.o)
    0x080001d2   0x080001d2   0x00000006   Code   RO         2313    .ARM.Collect$$rtentry$$00000004  c_w.l(__rtentry4.o)
    0x080001d8   0x080001d8   0x00000000   Code   RO         2303    .ARM.Collect$$rtentry$$00000009  c_w.l(__rtentry2.o)
    0x080001d8   0x080001d8   0x00000004   Code   RO         2304    .ARM.Collect$$rtentry$$0000000A  c_w.l(__rtentry2.o)
    0x080001dc   0x080001dc   0x00000000   Code   RO         2306    .ARM.Collect$$rtentry$$0000000C  c_w.l(__rtentry2.o)
    0x080001dc   0x080001dc   0x00000008   Code   RO         2307    .ARM.Collect$$rtentry$$0000000D  c_w.l(__rtentry2.o)
    0x080001e4   0x080001e4   0x00000002   Code   RO         2435    .ARM.Collect$$rtexit$$00000000  c_w.l(rtexit.o)
    0x080001e6   0x080001e6   0x00000000   Code   RO         2444    .ARM.Collect$$rtexit$$00000002  c_w.l(rtexit2.o)
    0x080001e6   0x080001e6   0x00000004   Code   RO         2445    .ARM.Collect$$rtexit$$00000003  c_w.l(rtexit2.o)
    0x080001ea   0x080001ea   0x00000006   Code   RO         2446    .ARM.Collect$$rtexit$$00000004  c_w.l(rtexit2.o)
    0x080001f0   0x080001f0   0x00000040   Code   RO           20    .text               startup_stm32f10x_hd.o
    0x08000230   0x08000230   0x00000002   Code   RO         2167    .text               c_w.l(use_no_semi_2.o)
    0x08000232   0x08000232   0x00000002   PAD
    0x08000234   0x08000234   0x00000018   Code   RO         2171    .text               c_w.l(noretval__2printf.o)
    0x0800024c   0x0800024c   0x0000004e   Code   RO         2175    .text               c_w.l(_printf_pad.o)
    0x0800029a   0x0800029a   0x00000002   PAD
    0x0800029c   0x0800029c   0x00000078   Code   RO         2177    .text               c_w.l(_printf_dec.o)
    0x08000314   0x08000314   0x00000058   Code   RO         2182    .text               c_w.l(_printf_hex_int.o)
    0x0800036c   0x0800036c   0x0000010e   Code   RO         2208    .text               c_w.l(__printf_wp.o)
    0x0800047a   0x0800047a   0x00000006   Code   RO         2224    .text               c_w.l(heapauxi.o)
    0x08000480   0x08000480   0x00000002   Code   RO         2262    .text               c_w.l(use_no_semi.o)
    0x08000482   0x08000482   0x00000016   Code   RO         2265    .text               c_w.l(_rserrno.o)
    0x08000498   0x08000498   0x000000b2   Code   RO         2267    .text               c_w.l(_printf_intcommon.o)
    0x0800054a   0x0800054a   0x0000041e   Code   RO         2269    .text               c_w.l(_printf_fp_dec.o)
    0x08000968   0x08000968   0x00000024   Code   RO         2271    .text               c_w.l(_printf_char_file.o)
    0x0800098c   0x0800098c   0x00000008   Code   RO         2318    .text               c_w.l(rt_locale_intlibspace.o)
    0x08000994   0x08000994   0x00000008   Code   RO         2323    .text               c_w.l(rt_errno_addr_intlibspace.o)
    0x0800099c   0x0800099c   0x0000008a   Code   RO         2325    .text               c_w.l(lludiv10.o)
    0x08000a26   0x08000a26   0x00000002   PAD
    0x08000a28   0x08000a28   0x00000030   Code   RO         2327    .text               c_w.l(_printf_char_common.o)
    0x08000a58   0x08000a58   0x00000080   Code   RO         2329    .text               c_w.l(_printf_fp_infnan.o)
    0x08000ad8   0x08000ad8   0x000000e4   Code   RO         2331    .text               c_w.l(bigflt0.o)
    0x08000bbc   0x08000bbc   0x00000008   Code   RO         2356    .text               c_w.l(ferror.o)
    0x08000bc4   0x08000bc4   0x00000008   Code   RO         2371    .text               c_w.l(libspace.o)
    0x08000bcc   0x08000bcc   0x0000004a   Code   RO         2374    .text               c_w.l(sys_stackheap_outer.o)
    0x08000c16   0x08000c16   0x00000012   Code   RO         2378    .text               c_w.l(exit.o)
    0x08000c28   0x08000c28   0x00000080   Code   RO         2380    .text               c_w.l(strcmpv7m.o)
    0x08000ca8   0x08000ca8   0x0000003e   Code   RO         2334    CL$$btod_d2e        c_w.l(btod.o)
    0x08000ce6   0x08000ce6   0x00000046   Code   RO         2336    CL$$btod_d2e_denorm_low  c_w.l(btod.o)
    0x08000d2c   0x08000d2c   0x00000060   Code   RO         2335    CL$$btod_d2e_norm_op1  c_w.l(btod.o)
    0x08000d8c   0x08000d8c   0x00000338   Code   RO         2344    CL$$btod_div_common  c_w.l(btod.o)
    0x080010c4   0x080010c4   0x000000dc   Code   RO         2341    CL$$btod_e2e        c_w.l(btod.o)
    0x080011a0   0x080011a0   0x0000002a   Code   RO         2338    CL$$btod_ediv       c_w.l(btod.o)
    0x080011ca   0x080011ca   0x0000002a   Code   RO         2337    CL$$btod_emul       c_w.l(btod.o)
    0x080011f4   0x080011f4   0x00000244   Code   RO         2343    CL$$btod_mult_common  c_w.l(btod.o)
    0x08001438   0x08001438   0x00000038   Code   RO         1907    i.ADC1_2_IRQHandler  adc.o
    0x08001470   0x08001470   0x0000000a   Code   RO          330    i.ADC_ClearITPendingBit  stm32f10x_adc.o
    0x0800147a   0x0800147a   0x00000016   Code   RO          331    i.ADC_Cmd           stm32f10x_adc.o
    0x08001490   0x08001490   0x0000005c   Code   RO          333    i.ADC_DeInit        stm32f10x_adc.o
    0x080014ec   0x080014ec   0x00000014   Code   RO          339    i.ADC_GetCalibrationStatus  stm32f10x_adc.o
    0x08001500   0x08001500   0x00000008   Code   RO          340    i.ADC_GetConversionValue  stm32f10x_adc.o
    0x08001508   0x08001508   0x00000024   Code   RO          343    i.ADC_GetITStatus   stm32f10x_adc.o
    0x0800152c   0x0800152c   0x00000014   Code   RO          345    i.ADC_GetResetCalibrationStatus  stm32f10x_adc.o
    0x08001540   0x08001540   0x00000018   Code   RO          348    i.ADC_ITConfig      stm32f10x_adc.o
    0x08001558   0x08001558   0x00000050   Code   RO          349    i.ADC_Init          stm32f10x_adc.o
    0x080015a8   0x080015a8   0x000000b8   Code   RO          353    i.ADC_RegularChannelConfig  stm32f10x_adc.o
    0x08001660   0x08001660   0x0000000a   Code   RO          354    i.ADC_ResetCalibration  stm32f10x_adc.o
    0x0800166a   0x0800166a   0x00000016   Code   RO          356    i.ADC_SoftwareStartConvCmd  stm32f10x_adc.o
    0x08001680   0x08001680   0x0000000a   Code   RO          358    i.ADC_StartCalibration  stm32f10x_adc.o
    0x0800168a   0x0800168a   0x00000002   PAD
    0x0800168c   0x0800168c   0x000000c8   Code   RO         1908    i.Adc_Init          adc.o
    0x08001754   0x08001754   0x00000038   Code   RO         2153    i.BEEP_Init         beep.o
    0x0800178c   0x0800178c   0x00000004   Code   RO          166    i.BusFault_Handler  stm32f10x_it.o
    0x08001790   0x08001790   0x00000002   Code   RO          167    i.DebugMon_Handler  stm32f10x_it.o
    0x08001792   0x08001792   0x00000002   PAD
    0x08001794   0x08001794   0x00000034   Code   RO         1672    i.FSMC_NORSRAMCmd   stm32f10x_fsmc.o
    0x080017c8   0x080017c8   0x000000e6   Code   RO         1674    i.FSMC_NORSRAMInit  stm32f10x_fsmc.o
    0x080018ae   0x080018ae   0x00000116   Code   RO          553    i.GPIO_Init         stm32f10x_gpio.o
    0x080019c4   0x080019c4   0x00000004   Code   RO          560    i.GPIO_ResetBits    stm32f10x_gpio.o
    0x080019c8   0x080019c8   0x00000004   Code   RO          561    i.GPIO_SetBits      stm32f10x_gpio.o
    0x080019cc   0x080019cc   0x00000004   Code   RO          168    i.HardFault_Handler  stm32f10x_it.o
    0x080019d0   0x080019d0   0x0000006c   Code   RO         1929    i.LCD_Clear         lcd_1.o
    0x08001a3c   0x08001a3c   0x000001c0   Code   RO         1933    i.LCD_Display_Dir   lcd_1.o
    0x08001bfc   0x08001bfc   0x0000017c   Code   RO         1938    i.LCD_Fast_DrawPoint  lcd_1.o
    0x08001d78   0x08001d78   0x00003774   Code   RO         1940    i.LCD_Init          lcd_1.o
    0x080054ec   0x080054ec   0x00000016   Code   RO         1941    i.LCD_Pow           lcd_1.o
    0x08005502   0x08005502   0x00000002   PAD
    0x08005504   0x08005504   0x00000014   Code   RO         1942    i.LCD_RD_DATA       lcd_1.o
    0x08005518   0x08005518   0x00000016   Code   RO         1944    i.LCD_ReadReg       lcd_1.o
    0x0800552e   0x0800552e   0x00000002   PAD
    0x08005530   0x08005530   0x00000054   Code   RO         1945    i.LCD_SSD_BackLightSet  lcd_1.o
    0x08005584   0x08005584   0x000002ec   Code   RO         1946    i.LCD_Scan_Dir      lcd_1.o
    0x08005870   0x08005870   0x000001a8   Code   RO         1947    i.LCD_SetCursor     lcd_1.o
    0x08005a18   0x08005a18   0x00000128   Code   RO         1949    i.LCD_ShowChar      lcd_1.o
    0x08005b40   0x08005b40   0x00000066   Code   RO         1951    i.LCD_ShowString    lcd_1.o
    0x08005ba6   0x08005ba6   0x000000be   Code   RO         1952    i.LCD_ShowxNum      lcd_1.o
    0x08005c64   0x08005c64   0x0000000c   Code   RO         1953    i.LCD_WR_DATA       lcd_1.o
    0x08005c70   0x08005c70   0x0000000c   Code   RO         1954    i.LCD_WR_REG        lcd_1.o
    0x08005c7c   0x08005c7c   0x00000014   Code   RO         1956    i.LCD_WriteRAM_Prepare  lcd_1.o
    0x08005c90   0x08005c90   0x00000010   Code   RO         1957    i.LCD_WriteReg      lcd_1.o
    0x08005ca0   0x08005ca0   0x0000004c   Code   RO         1895    i.LED_Init          led.o
    0x08005cec   0x08005cec   0x00000004   Code   RO          169    i.MemManage_Handler  stm32f10x_it.o
    0x08005cf0   0x08005cf0   0x00000002   Code   RO          170    i.NMI_Handler       stm32f10x_it.o
    0x08005cf2   0x08005cf2   0x00000002   PAD
    0x08005cf4   0x08005cf4   0x00000070   Code   RO          289    i.NVIC_Init         misc.o
    0x08005d64   0x08005d64   0x00000014   Code   RO          290    i.NVIC_PriorityGroupConfig  misc.o
    0x08005d78   0x08005d78   0x00000002   Code   RO          171    i.PendSV_Handler    stm32f10x_it.o
    0x08005d7a   0x08005d7a   0x00000002   PAD
    0x08005d7c   0x08005d7c   0x00000018   Code   RO          661    i.RCC_ADCCLKConfig  stm32f10x_rcc.o
    0x08005d94   0x08005d94   0x00000020   Code   RO          662    i.RCC_AHBPeriphClockCmd  stm32f10x_rcc.o
    0x08005db4   0x08005db4   0x00000020   Code   RO          665    i.RCC_APB2PeriphClockCmd  stm32f10x_rcc.o
    0x08005dd4   0x08005dd4   0x00000020   Code   RO          666    i.RCC_APB2PeriphResetCmd  stm32f10x_rcc.o
    0x08005df4   0x08005df4   0x000000d4   Code   RO          673    i.RCC_GetClocksFreq  stm32f10x_rcc.o
    0x08005ec8   0x08005ec8   0x00000002   Code   RO          172    i.SVC_Handler       stm32f10x_it.o
    0x08005eca   0x08005eca   0x00000008   Code   RO          255    i.SetSysClock       system_stm32f10x.o
    0x08005ed2   0x08005ed2   0x00000002   PAD
    0x08005ed4   0x08005ed4   0x000000e0   Code   RO          256    i.SetSysClockTo72   system_stm32f10x.o
    0x08005fb4   0x08005fb4   0x00000028   Code   RO          293    i.SysTick_CLKSourceConfig  misc.o
    0x08005fdc   0x08005fdc   0x00000002   Code   RO          173    i.SysTick_Handler   stm32f10x_it.o
    0x08005fde   0x08005fde   0x00000002   PAD
    0x08005fe0   0x08005fe0   0x00000060   Code   RO          258    i.SystemInit        system_stm32f10x.o
    0x08006040   0x08006040   0x00000088   Code   RO         1835    i.USART1_IRQHandler  usart.o
    0x080060c8   0x080060c8   0x00000018   Code   RO         1485    i.USART_Cmd         stm32f10x_usart.o
    0x080060e0   0x080060e0   0x00000054   Code   RO         1489    i.USART_GetITStatus  stm32f10x_usart.o
    0x08006134   0x08006134   0x0000004a   Code   RO         1491    i.USART_ITConfig    stm32f10x_usart.o
    0x0800617e   0x0800617e   0x00000002   PAD
    0x08006180   0x08006180   0x000000d8   Code   RO         1492    i.USART_Init        stm32f10x_usart.o
    0x08006258   0x08006258   0x0000000a   Code   RO         1499    i.USART_ReceiveData  stm32f10x_usart.o
    0x08006262   0x08006262   0x00000004   Code   RO          174    i.UsageFault_Handler  stm32f10x_it.o
    0x08006266   0x08006266   0x00000028   Code   RO         2369    i.__ARM_fpclassify  m_ws.l(fpclassify.o)
    0x0800628e   0x0800628e   0x000000aa   Code   RO         2297    i.__kernel_poly     m_ws.l(poly.o)
    0x08006338   0x08006338   0x00000010   Code   RO         2283    i.__mathlib_dbl_divzero  m_ws.l(dunder.o)
    0x08006348   0x08006348   0x00000006   Code   RO         2284    i.__mathlib_dbl_infnan  m_ws.l(dunder.o)
    0x0800634e   0x0800634e   0x0000000c   Code   RO         2286    i.__mathlib_dbl_invalid  m_ws.l(dunder.o)
    0x0800635a   0x0800635a   0x0000000e   Code   RO         2210    i._is_digit         c_w.l(__printf_wp.o)
    0x08006368   0x08006368   0x00000004   Code   RO         1836    i._sys_exit         usart.o
    0x0800636c   0x0800636c   0x00000044   Code   RO         1781    i.delay_init        delay.o
    0x080063b0   0x080063b0   0x0000004c   Code   RO         1782    i.delay_ms          delay.o
    0x080063fc   0x080063fc   0x0000004c   Code   RO         1783    i.delay_us          delay.o
    0x08006448   0x08006448   0x0000001c   Code   RO         1837    i.fputc             usart.o
    0x08006464   0x08006464   0x0000035c   Code   RO         2253    i.log               m_ws.l(log.o)
    0x080067c0   0x080067c0   0x00000240   Code   RO           25    i.main              main.o
    0x08006a00   0x08006a00   0x000000a0   Code   RO         1838    i.uart_init         usart.o
    0x08006aa0   0x08006aa0   0x0000002c   Code   RO         2361    locale$$code        c_w.l(lc_numeric_c.o)
    0x08006acc   0x08006acc   0x00000150   Code   RO         2228    x$fpl$dadd          fz_ws.l(daddsub_clz.o)
    0x08006c1c   0x08006c1c   0x00000010   Code   RO         2363    x$fpl$dcheck1       fz_ws.l(dcheck1.o)
    0x08006c2c   0x08006c2c   0x00000018   Code   RO         2365    x$fpl$dcmpinf       fz_ws.l(dcmpi.o)
    0x08006c44   0x08006c44   0x000002b0   Code   RO         2235    x$fpl$ddiv          fz_ws.l(ddiv.o)
    0x08006ef4   0x08006ef4   0x00000078   Code   RO         2274    x$fpl$deqf          fz_ws.l(deqf.o)
    0x08006f6c   0x08006f6c   0x0000005a   Code   RO         2238    x$fpl$dfixu         fz_ws.l(dfixu.o)
    0x08006fc6   0x08006fc6   0x0000002e   Code   RO         2243    x$fpl$dflt          fz_ws.l(dflt_clz.o)
    0x08006ff4   0x08006ff4   0x00000026   Code   RO         2242    x$fpl$dfltu         fz_ws.l(dflt_clz.o)
    0x0800701a   0x0800701a   0x00000002   PAD
    0x0800701c   0x0800701c   0x00000154   Code   RO         2248    x$fpl$dmul          fz_ws.l(dmul.o)
    0x08007170   0x08007170   0x0000009c   Code   RO         2276    x$fpl$dnaninf       fz_ws.l(dnaninf.o)
    0x0800720c   0x0800720c   0x0000000c   Code   RO         2278    x$fpl$dretinf       fz_ws.l(dretinf.o)
    0x08007218   0x08007218   0x00000016   Code   RO         2229    x$fpl$drsb          fz_ws.l(daddsub_clz.o)
    0x0800722e   0x0800722e   0x00000002   PAD
    0x08007230   0x08007230   0x000001d4   Code   RO         2230    x$fpl$dsub          fz_ws.l(daddsub_clz.o)
    0x08007404   0x08007404   0x00000004   Code   RO         2250    x$fpl$printf1       fz_ws.l(printf1.o)
    0x08007408   0x08007408   0x00000064   Code   RO         2433    x$fpl$retnan        fz_ws.l(retnan.o)
    0x0800746c   0x0800746c   0x0000005c   Code   RO         2280    x$fpl$scalbn        fz_ws.l(scalbn.o)
    0x080074c8   0x080074c8   0x00000030   Code   RO         2441    x$fpl$trapveneer    fz_ws.l(trapv.o)
    0x080074f8   0x080074f8   0x00000000   Code   RO         2282    x$fpl$usenofp       fz_ws.l(usenofp.o)
    0x080074f8   0x080074f8   0x000017c0   Data   RO         1960    .constdata          lcd_1.o
    0x08008cb8   0x08008cb8   0x00000028   Data   RO         2183    .constdata          c_w.l(_printf_hex_int.o)
    0x08008ce0   0x08008ce0   0x00000038   Data   RO         2254    .constdata          m_ws.l(log.o)
    0x08008d18   0x08008d18   0x00000008   Data   RO         2299    .constdata          m_ws.l(qnan.o)
    0x08008d20   0x08008d20   0x00000094   Data   RO         2332    .constdata          c_w.l(bigflt0.o)
    0x08008db4   0x08008db4   0x00000020   Data   RO         2512    Region$$Table       anon$$obj.o
    0x08008dd4   0x08008dd4   0x0000001c   Data   RO         2360    locale$$data        c_w.l(lc_numeric_c.o)


    Execution Region RW_IRAM1 (Exec base: 0x20000000, Load base: 0x08008df0, Size: 0x00000770, Max: 0x00010000, ABSOLUTE)

    Exec Addr    Load Addr    Size         Type   Attr      Idx    E Section Name        Object

    0x20000000   0x08008df0   0x00000014   Data   RW          259    .data               system_stm32f10x.o
    0x20000014   0x08008e04   0x00000014   Data   RW          693    .data               stm32f10x_rcc.o
    0x20000028   0x08008e18   0x00000004   Data   RW         1784    .data               delay.o
    0x2000002c   0x08008e1c   0x00000006   Data   RW         1840    .data               usart.o
    0x20000032   0x08008e22   0x00000002   Data   RW         1909    .data               adc.o
    0x20000034   0x08008e24   0x00000004   Data   RW         1961    .data               lcd_1.o
    0x20000038        -       0x000000c8   Zero   RW         1839    .bss                usart.o
    0x20000100        -       0x0000000e   Zero   RW         1959    .bss                lcd_1.o
    0x2000010e   0x08008e28   0x00000002   PAD
    0x20000110        -       0x00000060   Zero   RW         2372    .bss                c_w.l(libspace.o)
    0x20000170        -       0x00000200   Zero   RW           18    HEAP                startup_stm32f10x_hd.o
    0x20000370        -       0x00000400   Zero   RW           17    STACK               startup_stm32f10x_hd.o


==============================================================================

Image component sizes


      Code (inc. data)   RO Data    RW Data    ZI Data      Debug   Object Name

       256         20          0          2          0       1307   adc.o
        56          6          0          0          0        464   beep.o
         0          0          0          0          0       4540   core_cm3.o
       220         26          0          4          0       1611   delay.o
     17100        184       6080          4         14      21192   lcd_1.o
        76          8          0          0          0        475   led.o
       576        194          0          0          0     245283   main.o
       172         22          0          0          0       1857   misc.o
        64         26        304          0       1536        772   startup_stm32f10x_hd.o
       538         24          0          0          0       9219   stm32f10x_adc.o
       282          6          0          0          0       1665   stm32f10x_fsmc.o
       286          0          0          0          0       2832   stm32f10x_gpio.o
        26          0          0          0          0       3462   stm32f10x_it.o
       332         44          0         20          0       5233   stm32f10x_rcc.o
       408          6          0          0          0       4706   stm32f10x_usart.o
       328         28          0         20          0       1957   system_stm32f10x.o
       328         26          0          6        200       3952   usart.o

    ----------------------------------------------------------------------
     21066        620       6416         56       1752     310527   Object Totals
         0          0         32          0          0          0   (incl. Generated)
        18          0          0          0          2          0   (incl. Padding)

    ----------------------------------------------------------------------

      Code (inc. data)   RO Data    RW Data    ZI Data      Debug   Library Member Name

         8          0          0          0          0         68   __main.o
       284          0          0          0          0        156   __printf_wp.o
         0          0          0          0          0          0   __rtentry.o
        12          0          0          0          0          0   __rtentry2.o
         6          0          0          0          0          0   __rtentry4.o
        52          8          0          0          0          0   __scatter.o
        26          0          0          0          0          0   __scatter_copy.o
        28          0          0          0          0          0   __scatter_zi.o
        48          6          0          0          0         96   _printf_char_common.o
        36          4          0          0          0         80   _printf_char_file.o
         6          0          0          0          0          0   _printf_d.o
       120         16          0          0          0         92   _printf_dec.o
         6          0          0          0          0          0   _printf_f.o
      1054          0          0          0          0        216   _printf_fp_dec.o
       128         16          0          0          0         84   _printf_fp_infnan.o
        88          4         40          0          0         88   _printf_hex_int.o
       178          0          0          0          0         88   _printf_intcommon.o
        78          0          0          0          0        108   _printf_pad.o
         0          0          0          0          0          0   _printf_percent.o
         4          0          0          0          0          0   _printf_percent_end.o
         6          0          0          0          0          0   _printf_x.o
        22          0          0          0          0        100   _rserrno.o
       228          4        148          0          0         96   bigflt0.o
      1936        128          0          0          0        672   btod.o
        18          0          0          0          0         80   exit.o
         8          0          0          0          0         68   ferror.o
         6          0          0          0          0        152   heapauxi.o
        44         10         28          0          0         76   lc_numeric_c.o
         2          0          0          0          0          0   libinit.o
        18          0          0          0          0          0   libinit2.o
         2          0          0          0          0          0   libshutdown.o
         2          0          0          0          0          0   libshutdown2.o
         8          4          0          0         96         68   libspace.o
       138          0          0          0          0         80   lludiv10.o
        24          4          0          0          0         84   noretval__2printf.o
         8          4          0          0          0         68   rt_errno_addr_intlibspace.o
         8          4          0          0          0         68   rt_locale_intlibspace.o
         2          0          0          0          0          0   rtexit.o
        10          0          0          0          0          0   rtexit2.o
       128          0          0          0          0         68   strcmpv7m.o
        74          0          0          0          0         80   sys_stackheap_outer.o
         2          0          0          0          0         68   use_no_semi.o
         2          0          0          0          0         68   use_no_semi_2.o
       826         16          0          0          0        348   daddsub_clz.o
        16          4          0          0          0         68   dcheck1.o
        24          0          0          0          0         68   dcmpi.o
       688        140          0          0          0        208   ddiv.o
       120          4          0          0          0         92   deqf.o
        90          4          0          0          0         92   dfixu.o
        84          0          0          0          0        136   dflt_clz.o
       340         12          0          0          0        104   dmul.o
       156          4          0          0          0         92   dnaninf.o
        12          0          0          0          0         68   dretinf.o
         4          0          0          0          0         68   printf1.o
       100          0          0          0          0         68   retnan.o
        92          0          0          0          0         68   scalbn.o
        48          0          0          0          0         68   trapv.o
         0          0          0          0          0          0   usenofp.o
        34          4          0          0          0        204   dunder.o
        40          0          0          0          0         68   fpclassify.o
       860         52         56          0          0        256   log.o
       170          0          0          0          0         96   poly.o
         0          0          8          0          0          0   qnan.o

    ----------------------------------------------------------------------
      8574        452        280          0         96       5144   Library Totals
        12          0          0          0          0          0   (incl. Padding)

    ----------------------------------------------------------------------

      Code (inc. data)   RO Data    RW Data    ZI Data      Debug   Library Name

      4858        212        216          0         96       2972   c_w.l
      2600        184          0          0          0       1548   fz_ws.l
      1104         56         64          0          0        624   m_ws.l

    ----------------------------------------------------------------------
      8574        452        280          0         96       5144   Library Totals

    ----------------------------------------------------------------------

==============================================================================


      Code (inc. data)   RO Data    RW Data    ZI Data      Debug   

     29640       1072       6696         56       1848     309427   Grand Totals
     29640       1072       6696         56       1848     309427   ELF Image Totals
     29640       1072       6696         56          0          0   ROM Totals

==============================================================================

    Total RO  Size (Code + RO Data)                36336 (  35.48kB)
    Total RW  Size (RW Data + ZI Data)              1904 (   1.86kB)
    Total ROM Size (Code + RO Data + RW Data)      36392 (  35.54kB)

==============================================================================

